Component: ARM Compiler 5.06 update 6 (build 750) Tool: armlink [4d35ed]

==============================================================================

Section Cross References

    startup_stm32f103xe.o(STACK) refers (Special) to heapauxi.o(.text) for __use_two_region_memory
    startup_stm32f103xe.o(HEAP) refers (Special) to heapauxi.o(.text) for __use_two_region_memory
    startup_stm32f103xe.o(RESET) refers (Special) to heapauxi.o(.text) for __use_two_region_memory
    startup_stm32f103xe.o(RESET) refers to startup_stm32f103xe.o(STACK) for __initial_sp
    startup_stm32f103xe.o(RESET) refers to startup_stm32f103xe.o(.text) for Reset_Handler
    startup_stm32f103xe.o(RESET) refers to stm32f1xx_it.o(i.NMI_Handler) for NMI_Handler
    startup_stm32f103xe.o(RESET) refers to stm32f1xx_it.o(i.HardFault_Handler) for HardFault_Handler
    startup_stm32f103xe.o(RESET) refers to stm32f1xx_it.o(i.MemManage_Handler) for MemManage_Handler
    startup_stm32f103xe.o(RESET) refers to stm32f1xx_it.o(i.BusFault_Handler) for BusFault_Handler
    startup_stm32f103xe.o(RESET) refers to stm32f1xx_it.o(i.UsageFault_Handler) for UsageFault_Handler
    startup_stm32f103xe.o(RESET) refers to stm32f1xx_it.o(i.SVC_Handler) for SVC_Handler
    startup_stm32f103xe.o(RESET) refers to stm32f1xx_it.o(i.DebugMon_Handler) for DebugMon_Handler
    startup_stm32f103xe.o(RESET) refers to stm32f1xx_it.o(i.PendSV_Handler) for PendSV_Handler
    startup_stm32f103xe.o(RESET) refers to stm32f1xx_it.o(i.SysTick_Handler) for SysTick_Handler
    startup_stm32f103xe.o(RESET) refers to stm32f1xx_it.o(i.USB_LP_CAN1_RX0_IRQHandler) for USB_LP_CAN1_RX0_IRQHandler
    startup_stm32f103xe.o(RESET) refers to stm32f1xx_it.o(i.EXTI9_5_IRQHandler) for EXTI9_5_IRQHandler
    startup_stm32f103xe.o(RESET) refers to stm32f1xx_it.o(i.TIM1_UP_IRQHandler) for TIM1_UP_IRQHandler
    startup_stm32f103xe.o(RESET) refers to stm32f1xx_it.o(i.EXTI15_10_IRQHandler) for EXTI15_10_IRQHandler
    startup_stm32f103xe.o(.text) refers (Special) to heapauxi.o(.text) for __use_two_region_memory
    startup_stm32f103xe.o(.text) refers to system_stm32f1xx.o(i.SystemInit) for SystemInit
    startup_stm32f103xe.o(.text) refers to __main.o(!!!main) for __main
    startup_stm32f103xe.o(.text) refers to startup_stm32f103xe.o(HEAP) for Heap_Mem
    startup_stm32f103xe.o(.text) refers to startup_stm32f103xe.o(STACK) for Stack_Mem
    main.o(i.HAL_TIM_PeriodElapsedCallback) refers to stm32f1xx_hal.o(i.HAL_IncTick) for HAL_IncTick
    main.o(i.MX_ADC1_Init) refers to rt_memclr_w.o(.text) for __aeabi_memclr4
    main.o(i.MX_ADC1_Init) refers to stm32f1xx_hal_adc.o(i.HAL_ADC_Init) for HAL_ADC_Init
    main.o(i.MX_ADC1_Init) refers to stm32f1xx_hal_adc_ex.o(i.HAL_ADCEx_InjectedConfigChannel) for HAL_ADCEx_InjectedConfigChannel
    main.o(i.MX_ADC1_Init) refers to main.o(.bss) for .bss
    main.o(i.MX_ADC2_Init) refers to rt_memclr_w.o(.text) for __aeabi_memclr4
    main.o(i.MX_ADC2_Init) refers to stm32f1xx_hal_adc.o(i.HAL_ADC_Init) for HAL_ADC_Init
    main.o(i.MX_ADC2_Init) refers to stm32f1xx_hal_adc_ex.o(i.HAL_ADCEx_InjectedConfigChannel) for HAL_ADCEx_InjectedConfigChannel
    main.o(i.MX_ADC2_Init) refers to main.o(.bss) for .bss
    main.o(i.MX_GPIO_Init) refers to stm32f1xx_hal_gpio.o(i.HAL_GPIO_WritePin) for HAL_GPIO_WritePin
    main.o(i.MX_GPIO_Init) refers to stm32f1xx_hal_gpio.o(i.HAL_GPIO_Init) for HAL_GPIO_Init
    main.o(i.MX_GPIO_Init) refers to stm32f1xx_hal_cortex.o(i.HAL_NVIC_SetPriority) for HAL_NVIC_SetPriority
    main.o(i.MX_GPIO_Init) refers to stm32f1xx_hal_cortex.o(i.HAL_NVIC_EnableIRQ) for HAL_NVIC_EnableIRQ
    main.o(i.MX_TIM8_Init) refers to rt_memclr_w.o(.text) for __aeabi_memclr4
    main.o(i.MX_TIM8_Init) refers to stm32f1xx_hal_tim.o(i.HAL_TIM_PWM_Init) for HAL_TIM_PWM_Init
    main.o(i.MX_TIM8_Init) refers to stm32f1xx_hal_tim_ex.o(i.HAL_TIMEx_MasterConfigSynchronization) for HAL_TIMEx_MasterConfigSynchronization
    main.o(i.MX_TIM8_Init) refers to stm32f1xx_hal_tim.o(i.HAL_TIM_PWM_ConfigChannel) for HAL_TIM_PWM_ConfigChannel
    main.o(i.MX_TIM8_Init) refers to stm32f1xx_hal_tim_ex.o(i.HAL_TIMEx_ConfigBreakDeadTime) for HAL_TIMEx_ConfigBreakDeadTime
    main.o(i.MX_TIM8_Init) refers to stm32f1xx_hal_msp.o(i.HAL_TIM_MspPostInit) for HAL_TIM_MspPostInit
    main.o(i.MX_TIM8_Init) refers to main.o(.bss) for .bss
    main.o(i.SystemClock_Config) refers to rt_memclr_w.o(.text) for __aeabi_memclr4
    main.o(i.SystemClock_Config) refers to stm32f1xx_hal_rcc.o(i.HAL_RCC_OscConfig) for HAL_RCC_OscConfig
    main.o(i.SystemClock_Config) refers to stm32f1xx_hal_rcc.o(i.HAL_RCC_ClockConfig) for HAL_RCC_ClockConfig
    main.o(i.SystemClock_Config) refers to stm32f1xx_hal_rcc_ex.o(i.HAL_RCCEx_PeriphCLKConfig) for HAL_RCCEx_PeriphCLKConfig
    main.o(i.main) refers to stm32f1xx_hal.o(i.HAL_Init) for HAL_Init
    main.o(i.main) refers to main.o(i.SystemClock_Config) for SystemClock_Config
    main.o(i.main) refers to main.o(i.MX_GPIO_Init) for MX_GPIO_Init
[...]
    g_screen_rotating                        0x20000063   Data           1  motor_app.o(.data)
    g_limit_hit                              0x20000064   Data           1  motor_app.o(.data)
    g_screen_probing                         0x20000065   Data           1  motor_app.o(.data)
    g_probe_dir                              0x20000066   Data           1  motor_app.o(.data)
    g_screen_calibrated                      0x20000067   Data           1  motor_app.o(.data)
    g_limit_hit_tick                         0x20000068   Data           4  motor_app.o(.data)
    g_probe_start_tick                       0x2000006c   Data           4  motor_app.o(.data)
    g_probe_swing_tick                       0x20000070   Data           4  motor_app.o(.data)
    g_probe_half_ms                          0x20000074   Data           4  motor_app.o(.data)
    g_app                                    0x20000078   Data          28  motor_app.o(.data)
    .data                                    0x20000094   Section        6  usb_cmd.o(.data)
    rx_head                                  0x20000094   Data           2  usb_cmd.o(.data)
    rx_tail                                  0x20000096   Data           2  usb_cmd.o(.data)
    line_pos                                 0x20000098   Data           2  usb_cmd.o(.data)
    .data                                    0x2000009c   Section       28  usbd_desc.o(.data)
    .data                                    0x200000b8   Section       50  usbd_desc.o(.data)
    .data                                    0x200000ec   Section       16  usbd_cdc_if.o(.data)
    .data                                    0x200000fc   Section        1  usbd_ctlreq.o(.data)
    cfgidx                                   0x200000fc   Data           1  usbd_ctlreq.o(.data)
    .data                                    0x20000100   Section      215  usbd_cdc.o(.data)
    USBD_CDC_DeviceQualifierDesc             0x20000100   Data          10  usbd_cdc.o(.data)
    .data                                    0x200001d8   Section       56  usbd_cdc.o(.data)
    .bss                                     0x20000210   Section      168  main.o(.bss)
    .bss                                     0x200002b8   Section       72  stm32f1xx_hal_timebase_tim.o(.bss)
    .bss                                     0x20000300   Section       32  stm32f1xx_hal_flash.o(.bss)
    .bss                                     0x20000320   Section       16  current_sensor.o(.bss)
    current_data                             0x20000320   Data          16  current_sensor.o(.bss)
    .bss                                     0x20000330   Section       32  hall_sensor.o(.bss)
    encoders                                 0x20000330   Data          32  hall_sensor.o(.bss)
    .bss                                     0x20000350   Section      192  usb_cmd.o(.bss)
    rx_ring                                  0x20000350   Data         128  usb_cmd.o(.bss)
    line_buf                                 0x200003d0   Data          64  usb_cmd.o(.bss)
    .bss                                     0x20000410   Section      708  usb_device.o(.bss)
    .bss                                     0x200006d4   Section      512  usbd_desc.o(.bss)
    .bss                                     0x200008d4   Section     2048  usbd_cdc_if.o(.bss)
    .bss                                     0x200010d4   Section     1272  usbd_conf.o(.bss)
    mem                                      0x200010d4   Data         544  usbd_conf.o(.bss)
    .bss                                     0x200015cc   Section       96  libspace.o(.bss)
    HEAP                                     0x20001630   Section      512  startup_stm32f103xe.o(HEAP)
    Heap_Mem                                 0x20001630   Data         512  startup_stm32f103xe.o(HEAP)
    STACK                                    0x20001830   Section     1024  startup_stm32f103xe.o(STACK)
    Stack_Mem                                0x20001830   Data        1024  startup_stm32f103xe.o(STACK)
    __initial_sp                             0x20001c30   Data           0  startup_stm32f103xe.o(STACK)

    Global Symbols

    Symbol Name                              Value     Ov Type        Size  Object(Section)

    BuildAttributes$$THM_ISAv4$P$D$K$B$S$PE$A:L22UL41UL21$X:L11$S22US41US21$IEEE1$IW$USESV6$~STKCKD$USESV7$~SHL$OSPACE$ROPI$EBA8$UX$STANDARDLIB$REQ8$PRES8$EABIv2 0x00000000   Number         0  anon$$obj.o ABSOLUTE
    __ARM_use_no_argv                        0x00000000   Number         0  main.o ABSOLUTE
    __ARM_exceptions_init                     - Undefined Weak Reference
    __alloca_initialize                       - Undefined Weak Reference
    __arm_preinit_                            - Undefined Weak Reference
    __cpp_initialize__aeabi_                  - Undefined Weak Reference
    __cxa_finalize                            - Undefined Weak Reference
    __rt_locale                               - Undefined Weak Reference
    __sigvec_lookup                           - Undefined Weak Reference
    _atexit_init                              - Undefined Weak Reference
    _call_atexit_fns                          - Undefined Weak Reference
    _clock_init                               - Undefined Weak Reference
    _fp_trap_init                             - Undefined Weak Reference
    _fp_trap_shutdown                         - Undefined Weak Reference
    _get_lc_collate                           - Undefined Weak Reference
    _get_lc_ctype                             - Undefined Weak Reference
    _get_lc_monetary                          - Undefined Weak Reference
    _get_lc_numeric                           - Undefined Weak Reference
    _get_lc_time                              - Undefined Weak Reference
    _getenv_init                              - Undefined Weak Reference
    _handle_redirection                       - Undefined Weak Reference
    _init_alloc                               - Undefined Weak Reference
    _init_user_alloc                          - Undefined Weak Reference
    _initio                                   - Undefined Weak Reference
    _rand_init                                - Undefined Weak Reference
    _signal_finish                            - Undefined Weak Reference
    _signal_init                              - Undefined Weak Reference
    _terminate_alloc                          - Undefined Weak Reference
    _terminate_user_alloc                     - Undefined Weak Reference
    _terminateio                              - Undefined Weak Reference
    __Vectors_Size                           0x00000130   Number         0  startup_stm32f103xe.o ABSOLUTE
    __Vectors                                0x08000000   Data           4  startup_stm32f103xe.o(RESET)
    __Vectors_End                            0x08000130   Data           0  startup_stm32f103xe.o(RESET)
    __main                                   0x08000131   Thumb Code     8  __main.o(!!!main)
    __scatterload                            0x08000139   Thumb Code     0  __scatter.o(!!!scatter)
    __scatterload_rt2                        0x08000139   Thumb Code    44  __scatter.o(!!!scatter)
    __scatterload_rt2_thumb_only             0x08000139   Thumb Code     0  __scatter.o(!!!scatter)
    __scatterload_null                       0x08000147   Thumb Code     0  __scatter.o(!!!scatter)
    __decompress                             0x0800016d   Thumb Code    90  __dczerorl2.o(!!dczerorl2)
    __decompress1                            0x0800016d   Thumb Code     0  __dczerorl2.o(!!dczerorl2)
    __scatterload_zeroinit                   0x080001c9   Thumb Code    28  __scatter_zi.o(!!handler_zi)
    __rt_lib_init                            0x080001e5   Thumb Code     0  libinit.o(.ARM.Collect$$libinit$$00000000)
    __rt_lib_init_alloca_1                   0x080001e7   Thumb Code     0  libinit2.o(.ARM.Collect$$libinit$$0000002E)
    __rt_lib_init_argv_1                     0x080001e7   Thumb Code     0  libinit2.o(.ARM.Collect$$libinit$$0000002C)
    __rt_lib_init_atexit_1                   0x080001e7   Thumb Code     0  libinit2.o(.ARM.Collect$$libinit$$0000001B)
    __rt_lib_init_clock_1                    0x080001e7   Thumb Code     0  libinit2.o(.ARM.Collect$$libinit$$00000021)
    __rt_lib_init_cpp_1                      0x080001e7   Thumb Code     0  libinit2.o(.ARM.Collect$$libinit$$00000032)
    __rt_lib_init_exceptions_1               0x080001e7   Thumb Code     0  libinit2.o(.ARM.Collect$$libinit$$00000030)
    __rt_lib_init_fp_1                       0x080001e7   Thumb Code     0  libinit2.o(.ARM.Collect$$libinit$$00000002)
    __rt_lib_init_fp_trap_1                  0x080001e7   Thumb Code     0  libinit2.o(.ARM.Collect$$libinit$$0000001F)
    __rt_lib_init_getenv_1                   0x080001e7   Thumb Code     0  libinit2.o(.ARM.Collect$$libinit$$00000023)
    __rt_lib_init_heap_1                     0x080001e7   Thumb Code     0  libinit2.o(.ARM.Collect$$libinit$$0000000A)
    __rt_lib_init_lc_collate_1               0x080001e7   Thumb Code     0  libinit2.o(.ARM.Collect$$libinit$$00000011)
    __rt_lib_init_lc_ctype_1                 0x080001e7   Thumb Code     0  libinit2.o(.ARM.Collect$$libinit$$00000013)
    __rt_lib_init_lc_monetary_1              0x080001e7   Thumb Code     0  libinit2.o(.ARM.Collect$$libinit$$00000015)
    __rt_lib_init_lc_numeric_1               0x080001e7   Thumb Code     0  libinit2.o(.ARM.Collect$$libinit$$00000017)
    __rt_lib_init_lc_time_1                  0x080001e7   Thumb Code     0  libinit2.o(.ARM.Collect$$libinit$$00000019)
    __rt_lib_init_preinit_1                  0x080001e7   Thumb Code     0  libinit2.o(.ARM.Collect$$libinit$$00000004)
    __rt_lib_init_rand_1                     0x080001e7   Thumb Code     0  libinit2.o(.ARM.Collect$$libinit$$0000000E)
    __rt_lib_init_return                     0x080001e7   Thumb Code     0  libinit2.o(.ARM.Collect$$libinit$$00000033)
    __rt_lib_init_signal_1                   0x080001e7   Thumb Code     0  libinit2.o(.ARM.Collect$$libinit$$0000001D)
    __rt_lib_init_stdio_1                    0x080001e7   Thumb Code     0  libinit2.o(.ARM.Collect$$libinit$$00000025)
    __rt_lib_init_user_alloc_1               0x080001e7   Thumb Code     0  libinit2.o(.ARM.Collect$$libinit$$0000000C)
    __rt_lib_shutdown                        0x080001e9   Thumb Code     0  libshutdown.o(.ARM.Collect$$libshutdown$$00000000)
    __rt_lib_shutdown_cpp_1                  0x080001eb   Thumb Code     0  libshutdown2.o(.ARM.Collect$$libshutdown$$00000002)
    __rt_lib_shutdown_fp_trap_1              0x080001eb   Thumb Code     0  libshutdown2.o(.ARM.Collect$$libshutdown$$00000007)
    __rt_lib_shutdown_heap_1                 0x080001eb   Thumb Code     0  libshutdown2.o(.ARM.Collect$$libshutdown$$0000000F)
    __rt_lib_shutdown_return                 0x080001eb   Thumb Code     0  libshutdown2.o(.ARM.Collect$$libshutdown$$00000010)
    __rt_lib_shutdown_signal_1               0x080001eb   Thumb Code     0  libshutdown2.o(.ARM.Collect$$libshutdown$$0000000A)
    __rt_lib_shutdown_stdio_1                0x080001eb   Thumb Code     0  libshutdown2.o(.ARM.Collect$$libshutdown$$00000004)
    __rt_lib_shutdown_user_alloc_1           0x080001eb   Thumb Code     0  libshutdown2.o(.ARM.Collect$$libshutdown$$0000000C)
    __rt_entry                               0x080001ed   Thumb Code     0  __rtentry.o(.ARM.Collect$$rtentry$$00000000)
    __rt_entry_presh_1                       0x080001ed   Thumb Code     0  __rtentry2.o(.ARM.Collect$$rtentry$$00000002)
    __rt_entry_sh                            0x080001ed   Thumb Code     0  __rtentry4.o(.ARM.Collect$$rtentry$$00000004)
    __rt_entry_li                            0x080001f3   Thumb Code     0  __rtentry2.o(.ARM.Collect$$rtentry$$0000000A)
    __rt_entry_postsh_1                      0x080001f3   Thumb Code     0  __rtentry2.o(.ARM.Collect$$rtentry$$00000009)
    __rt_entry_main                          0x080001f7   Thumb Code     0  __rtentry2.o(.ARM.Collect$$rtentry$$0000000D)
    __rt_entry_postli_1                      0x080001f7   Thumb Code     0  __rtentry2.o(.ARM.Collect$$rtentry$$0000000C)
    __rt_exit                                0x080001ff   Thumb Code     0  rtexit.o(.ARM.Collect$$rtexit$$00000000)
    __rt_exit_ls                             0x08000201   Thumb Code     0  rtexit2.o(.ARM.Collect$$rtexit$$00000003)
    __rt_exit_prels_1                        0x08000201   Thumb Code     0  rtexit2.o(.ARM.Collect$$rtexit$$00000002)
    __rt_exit_exit                           0x08000205   Thumb Code     0  rtexit2.o(.ARM.Collect$$rtexit$$00000004)
    Reset_Handler                            0x0800020d   Thumb Code     8  startup_stm32f103xe.o(.text)
    ADC1_2_IRQHandler                        0x08000227   Thumb Code     0  startup_stm32f103xe.o(.text)
    ADC3_IRQHandler                          0x08000227   Thumb Code     0  startup_stm32f103xe.o(.text)
    CAN1_RX1_IRQHandler                      0x08000227   Thumb Code     0  startup_stm32f103xe.o(.text)
    CAN1_SCE_IRQHandler                      0x08000227   Thumb Code     0  startup_stm32f103xe.o(.text)
    DMA1_Channel1_IRQHandler                 0x08000227   Thumb Code     0  startup_stm32f103xe.o(.text)
    DMA1_Channel2_IRQHandler                 0x08000227   Thumb Code     0  startup_stm32f103xe.o(.text)
    DMA1_Channel3_IRQHandler                 0x08000227   Thumb Code     0  startup_stm32f103xe.o(.text)
    DMA1_Channel4_IRQHandler                 0x08000227   Thumb Code     0  startup_stm32f103xe.o(.text)
    DMA1_Channel5_IRQHandler                 0x08000227   Thumb Code     0  startup_stm32f103xe.o(.text)
    DMA1_Channel6_IRQHandler                 0x08000227   Thumb Code     0  startup_stm32f103xe.o(.text)
    DMA1_Channel7_IRQHandler                 0x08000227   Thumb Code     0  startup_stm32f103xe.o(.text)
    DMA2_Channel1_IRQHandler                 0x08000227   Thumb Code     0  startup_stm32f103xe.o(.text)
    DMA2_Channel2_IRQHandler                 0x08000227   Thumb Code     0  startup_stm32f103xe.o(.text)
    DMA2_Channel3_IRQHandler                 0x08000227   Thumb Code     0  startup_stm32f103xe.o(.text)
    DMA2_Channel4_5_IRQHandler               0x08000227   Thumb Code     0  startup_stm32f103xe.o(.text)
    EXTI0_IRQHandler                         0x08000227   Thumb Code     0  startup_stm32f103xe.o(.text)
    EXTI1_IRQHandler                         0x08000227   Thumb Code     0  startup_stm32f103xe.o(.text)
    EXTI2_IRQHandler                         0x08000227   Thumb Code     0  startup_stm32f103xe.o(.text)
    EXTI3_IRQHandler                         0x08000227   Thumb Code     0  startup_stm32f103xe.o(.text)
    EXTI4_IRQHandler                         0x08000227   Thumb Code     0  startup_stm32f103xe.o(.text)
    FLASH_IRQHandler                         0x08000227   Thumb Code     0  startup_stm32f103xe.o(.text)
    FSMC_IRQHandler                          0x08000227   Thumb Code     0  startup_stm32f103xe.o(.text)
    I2C1_ER_IRQHandler                       0x08000227   Thumb Code     0  startup_stm32f103xe.o(.text)
    I2C1_EV_IRQHandler                       0x08000227   Thumb Code     0  startup_stm32f103xe.o(.text)
    I2C2_ER_IRQHandler                       0x08000227   Thumb Code     0  startup_stm32f103xe.o(.text)
    I2C2_EV_IRQHandler                       0x08000227   Thumb Code     0  startup_stm32f103xe.o(.text)
    PVD_IRQHandler                           0x08000227   Thumb Code     0  startup_stm32f103xe.o(.text)
    RCC_IRQHandler                           0x08000227   Thumb Code     0  startup_stm32f103xe.o(.text)
    RTC_Alarm_IRQHandler                     0x08000227   Thumb Code     0  startup_stm32f103xe.o(.text)
    RTC_IRQHandler                           0x08000227   Thumb Code     0  startup_stm32f103xe.o(.text)
    SDIO_IRQHandler                          0x08000227   Thumb Code     0  startup_stm32f103xe.o(.text)
    SPI1_IRQHandler                          0x08000227   Thumb Code     0  startup_stm32f103xe.o(.text)
    SPI2_IRQHandler                          0x08000227   Thumb Code     0  startup_stm32f103xe.o(.text)
    SPI3_IRQHandler                          0x08000227   Thumb Code     0  startup_stm32f103xe.o(.text)
    TAMPER_IRQHandler                        0x08000227   Thumb Code     0  startup_stm32f103xe.o(.text)
    TIM1_BRK_IRQHandler                      0x08000227   Thumb Code     0  startup_stm32f103xe.o(.text)
    TIM1_CC_IRQHandler                       0x08000227   Thumb Code     0  startup_stm32f103xe.o(.text)
    TIM1_TRG_COM_IRQHandler                  0x08000227   Thumb Code     0  startup_stm32f103xe.o(.text)
    TIM2_IRQHandler                          0x08000227   Thumb Code     0  startup_stm32f103xe.o(.text)
    TIM3_IRQHandler                          0x08000227   Thumb Code     0  startup_stm32f103xe.o(.text)
    TIM4_IRQHandler                          0x08000227   Thumb Code     0  startup_stm32f103xe.o(.text)
    TIM5_IRQHandler                          0x08000227   Thumb Code     0  startup_stm32f103xe.o(.text)
    TIM6_IRQHandler                          0x08000227   Thumb Code     0  startup_stm32f103xe.o(.text)
    TIM7_IRQHandler                          0x08000227   Thumb Code     0  startup_stm32f103xe.o(.text)
    TIM8_BRK_IRQHandler                      0x08000227   Thumb Code     0  startup_stm32f103xe.o(.text)
    TIM8_CC_IRQHandler                       0x08000227   Thumb Code     0  startup_stm32f103xe.o(.text)
    TIM8_TRG_COM_IRQHandler                  0x08000227   Thumb Code     0  startup_stm32f103xe.o(.text)
    TIM8_UP_IRQHandler                       0x08000227   Thumb Code     0  startup_stm32f103xe.o(.text)
    UART4_IRQHandler                         0x08000227   Thumb Code     0  startup_stm32f103xe.o(.text)
    UART5_IRQHandler                         0x08000227   Thumb Code     0  startup_stm32f103xe.o(.text)
    USART1_IRQHandler                        0x08000227   Thumb Code     0  startup_stm32f103xe.o(.text)
    USART2_IRQHandler                        0x08000227   Thumb Code     0  startup_stm32f103xe.o(.text)
    USART3_IRQHandler                        0x08000227   Thumb Code     0  startup_stm32f103xe.o(.text)
    USBWakeUp_IRQHandler                     0x08000227   Thumb Code     0  startup_stm32f103xe.o(.text)
    USB_HP_CAN1_TX_IRQHandler                0x08000227   Thumb Code     0  startup_stm32f103xe.o(.text)
    WWDG_IRQHandler                          0x08000227   Thumb Code     0  startup_stm32f103xe.o(.text)
    __user_initial_stackheap                 0x08000229   Thumb Code     0  startup_stm32f103xe.o(.text)
    __aeabi_uldivmod                         0x0800024d   Thumb Code     0  lludivv7m.o(.text)
    _ll_udiv                                 0x0800024d   Thumb Code   238  lludivv7m.o(.text)
    __aeabi_llsr                             0x0800033b   Thumb Code     0  llushr.o(.text)
    _ll_ushift_r                             0x0800033b   Thumb Code    38  llushr.o(.text)
    __aeabi_ldivmod                          0x08000361   Thumb Code     0  llsdiv.o(.text)
    _ll_sdiv                                 0x08000361   Thumb Code    72  llsdiv.o(.text)
    strlen                                   0x080003a9   Thumb Code    62  strlen.o(.text)
    strncmp                                  0x080003e7   Thumb Code   150  strncmp.o(.text)
    __aeabi_memclr4                          0x0800047d   Thumb Code     0  rt_memclr_w.o(.text)
    __aeabi_memclr8                          0x0800047d   Thumb Code     0  rt_memclr_w.o(.text)
    __rt_memclr_w                            0x0800047d   Thumb Code    78  rt_memclr_w.o(.text)
    _memset_w                                0x08000481   Thumb Code     0  rt_memclr_w.o(.text)
    __use_two_region_memory                  0x080004cb   Thumb Code     2  heapauxi.o(.text)
    __rt_heap_escrow$2region                 0x080004cd   Thumb Code     2  heapauxi.o(.text)
    __rt_heap_expand$2region                 0x080004cf   Thumb Code     2  heapauxi.o(.text)
    __user_setup_stackheap                   0x080004d1   Thumb Code    74  sys_stackheap_outer.o(.text)
    exit                                     0x0800051b   Thumb Code    18  exit.o(.text)
    __user_libspace                          0x0800052d   Thumb Code     8  libspace.o(.text)
    __user_perproc_libspace                  0x0800052d   Thumb Code     0  libspace.o(.text)
    __user_perthread_libspace                0x0800052d   Thumb Code     0  libspace.o(.text)
    _sys_exit                                0x08000535   Thumb Code     8  sys_exit.o(.text)
    __I$use$semihosting                      0x08000541   Thumb Code     0  use_no_semi.o(.text)
    __use_no_semihosting_swi                 0x08000541   Thumb Code     2  use_no_semi.o(.text)
    __semihosting_library_function           0x08000543   Thumb Code     0  indicate_semi.o(.text)
    ADC_ConversionStop_Disable               0x08000545   Thumb Code    86  stm32f1xx_hal_adc.o(i.ADC_ConversionStop_Disable)
    ADC_Enable                               0x0800059d   Thumb Code   114  stm32f1xx_hal_adc.o(i.ADC_Enable)
    BusFault_Handler                         0x08000619   Thumb Code     2  stm32f1xx_it.o(i.BusFault_Handler)
    CDC_Transmit_FS                          0x08000669   Thumb Code    38  usbd_cdc_if.o(i.CDC_Transmit_FS)
    Current_GetMotor                         0x08000695   Thumb Code    20  current_sensor.o(i.Current_GetMotor)
    Current_GetRaw                           0x080006ad   Thumb Code    26  current_sensor.o(i.Current_GetRaw)
    Current_GetVbus                          0x080006cd   Thumb Code     6  current_sensor.o(i.Current_GetVbus)
    Current_Init                             0x080006d9   Thumb Code   166  current_sensor.o(i.Current_Init)
    Current_Sample                           0x08000791   Thumb Code   300  current_sensor.o(i.Current_Sample)
    DebugMon_Handler                         0x080008d1   Thumb Code     2  stm32f1xx_it.o(i.DebugMon_Handler)
    EE_Init                                  0x08000949   Thumb Code   260  eeprom_emul.o(i.EE_Init)
    EE_ReadVariable                          0x08000b31   Thumb Code    58  eeprom_emul.o(i.EE_ReadVariable)
    EE_WriteVariable                         0x08000bcd   Thumb Code    42  eeprom_emul.o(i.EE_WriteVariable)
    EXTI15_10_IRQHandler                     0x08000bf7   Thumb Code    22  stm32f1xx_it.o(i.EXTI15_10_IRQHandler)
    EXTI9_5_IRQHandler                       0x08000c0d   Thumb Code    34  stm32f1xx_it.o(i.EXTI9_5_IRQHandler)
    Error_Handler                            0x08000c2f   Thumb Code     4  main.o(i.Error_Handler)
    FLASH_PageErase                          0x08000c59   Thumb Code    28  stm32f1xx_hal_flash_ex.o(i.FLASH_PageErase)
    FLASH_WaitForLastOperation               0x08000cf5   Thumb Code    80  stm32f1xx_hal_flash.o(i.FLASH_WaitForLastOperation)
    HAL_ADCEx_Calibration_Start              0x08000d49   Thumb Code   210  stm32f1xx_hal_adc_ex.o(i.HAL_ADCEx_Calibration_Start)
    HAL_ADCEx_InjectedConfigChannel          0x08000e21   Thumb Code   478  stm32f1xx_hal_adc_ex.o(i.HAL_ADCEx_InjectedConfigChannel)
    HAL_ADC_ConfigChannel                    0x08001011   Thumb Code   240  stm32f1xx_hal_adc.o(i.HAL_ADC_ConfigChannel)
    HAL_ADC_GetValue                         0x0800110d   Thumb Code     6  stm32f1xx_hal_adc.o(i.HAL_ADC_GetValue)
    HAL_ADC_Init                             0x08001115   Thumb Code   272  stm32f1xx_hal_adc.o(i.HAL_ADC_Init)
    HAL_ADC_MspInit                          0x08001235   Thumb Code   154  stm32f1xx_hal_msp.o(i.HAL_ADC_MspInit)
    HAL_ADC_PollForConversion                0x080012e5   Thumb Code   304  stm32f1xx_hal_adc.o(i.HAL_ADC_PollForConversion)
    HAL_ADC_Start                            0x08001421   Thumb Code   184  stm32f1xx_hal_adc.o(i.HAL_ADC_Start)
    HAL_ADC_Stop                             0x080014e1   Thumb Code    52  stm32f1xx_hal_adc.o(i.HAL_ADC_Stop)
    HAL_FLASHEx_Erase                        0x08001515   Thumb Code   160  stm32f1xx_hal_flash_ex.o(i.HAL_FLASHEx_Erase)
    HAL_FLASH_Lock                           0x080015bd   Thumb Code    14  stm32f1xx_hal_flash.o(i.HAL_FLASH_Lock)
    HAL_FLASH_Program                        0x080015d1   Thumb Code   120  stm32f1xx_hal_flash.o(i.HAL_FLASH_Program)
    HAL_FLASH_Unlock                         0x08001651   Thumb Code    28  stm32f1xx_hal_flash.o(i.HAL_FLASH_Unlock)
    HAL_GPIO_EXTI_Callback                   0x08001679   Thumb Code    18  stm32f1xx_it.o(i.HAL_GPIO_EXTI_Callback)
    HAL_GPIO_EXTI_IRQHandler                 0x0800168d   Thumb Code    18  stm32f1xx_hal_gpio.o(i.HAL_GPIO_EXTI_IRQHandler)
    HAL_GPIO_Init                            0x080016a5   Thumb Code   462  stm32f1xx_hal_gpio.o(i.HAL_GPIO_Init)
    HAL_GPIO_ReadPin                         0x0800189d   Thumb Code    10  stm32f1xx_hal_gpio.o(i.HAL_GPIO_ReadPin)
    HAL_GPIO_TogglePin                       0x080018a7   Thumb Code    16  stm32f1xx_hal_gpio.o(i.HAL_GPIO_TogglePin)
    HAL_GPIO_WritePin                        0x080018b7   Thumb Code    10  stm32f1xx_hal_gpio.o(i.HAL_GPIO_WritePin)
    HAL_GetTick                              0x080018c1   Thumb Code     6  stm32f1xx_hal.o(i.HAL_GetTick)
    HAL_IncTick                              0x080018cd   Thumb Code    12  stm32f1xx_hal.o(i.HAL_IncTick)
    HAL_Init                                 0x080018dd   Thumb Code    32  stm32f1xx_hal.o(i.HAL_Init)
    HAL_InitTick                             0x08001901   Thumb Code   118  stm32f1xx_hal_timebase_tim.o(i.HAL_InitTick)
    HAL_MspInit                              0x0800198d   Thumb Code    52  stm32f1xx_hal_msp.o(i.HAL_MspInit)
    HAL_NVIC_EnableIRQ                       0x080019c9   Thumb Code    26  stm32f1xx_hal_cortex.o(i.HAL_NVIC_EnableIRQ)
    HAL_NVIC_SetPriority                     0x080019e5   Thumb Code    60  stm32f1xx_hal_cortex.o(i.HAL_NVIC_SetPriority)
    HAL_NVIC_SetPriorityGrouping             0x08001a25   Thumb Code    26  stm32f1xx_hal_cortex.o(i.HAL_NVIC_SetPriorityGrouping)
    HAL_PCDEx_PMAConfig                      0x08001a49   Thumb Code    60  stm32f1xx_hal_pcd_ex.o(i.HAL_PCDEx_PMAConfig)
    HAL_PCDEx_SetConnectionState             0x08001a85   Thumb Code     2  usbd_conf.o(i.HAL_PCDEx_SetConnectionState)
    HAL_PCD_DataInStageCallback              0x08001a87   Thumb Code    18  usbd_conf.o(i.HAL_PCD_DataInStageCallback)
    HAL_PCD_DataOutStageCallback             0x08001a99   Thumb Code    20  usbd_conf.o(i.HAL_PCD_DataOutStageCallback)
    HAL_PCD_EP_Close                         0x08001aad   Thumb Code    74  stm32f1xx_hal_pcd.o(i.HAL_PCD_EP_Close)
    HAL_PCD_EP_ClrStall                      0x08001af7   Thumb Code    90  stm32f1xx_hal_pcd.o(i.HAL_PCD_EP_ClrStall)
    HAL_PCD_EP_GetRxCount                    0x08001f6f   Thumb Code    18  stm32f1xx_hal_pcd.o(i.HAL_PCD_EP_GetRxCount)
    HAL_PCD_EP_Open                          0x08001f81   Thumb Code    88  stm32f1xx_hal_pcd.o(i.HAL_PCD_EP_Open)
    HAL_PCD_EP_Receive                       0x08001fd9   Thumb Code    46  stm32f1xx_hal_pcd.o(i.HAL_PCD_EP_Receive)
    HAL_PCD_EP_SetStall                      0x08002007   Thumb Code   112  stm32f1xx_hal_pcd.o(i.HAL_PCD_EP_SetStall)
    HAL_PCD_EP_Transmit                      0x08002077   Thumb Code    46  stm32f1xx_hal_pcd.o(i.HAL_PCD_EP_Transmit)
    HAL_PCD_IRQHandler                       0x080020a5   Thumb Code   308  stm32f1xx_hal_pcd.o(i.HAL_PCD_IRQHandler)
    HAL_PCD_Init                             0x080021d9   Thumb Code   186  stm32f1xx_hal_pcd.o(i.HAL_PCD_Init)
    HAL_PCD_MspInit                          0x08002295   Thumb Code    50  usbd_conf.o(i.HAL_PCD_MspInit)
    HAL_PCD_ResetCallback                    0x080022d1   Thumb Code    38  usbd_conf.o(i.HAL_PCD_ResetCallback)
    HAL_PCD_ResumeCallback                   0x080022f7   Thumb Code     8  usbd_conf.o(i.HAL_PCD_ResumeCallback)
    HAL_PCD_SOFCallback                      0x080022ff   Thumb Code     8  usbd_conf.o(i.HAL_PCD_SOFCallback)
    HAL_PCD_SetAddress                       0x08002307   Thumb Code    38  stm32f1xx_hal_pcd.o(i.HAL_PCD_SetAddress)
    HAL_PCD_SetupStageCallback               0x0800232d   Thumb Code    14  usbd_conf.o(i.HAL_PCD_SetupStageCallback)
    HAL_PCD_Start                            0x0800233b   Thumb Code    50  stm32f1xx_hal_pcd.o(i.HAL_PCD_Start)
    HAL_PCD_SuspendCallback                  0x0800236d   Thumb Code    30  usbd_conf.o(i.HAL_PCD_SuspendCallback)
    HAL_RCCEx_GetPeriphCLKFreq               0x08002391   Thumb Code   166  stm32f1xx_hal_rcc_ex.o(i.HAL_RCCEx_GetPeriphCLKFreq)
    HAL_RCCEx_PeriphCLKConfig                0x08002449   Thumb Code   224  stm32f1xx_hal_rcc_ex.o(i.HAL_RCCEx_PeriphCLKConfig)
    HAL_RCC_ClockConfig                      0x08002535   Thumb Code   280  stm32f1xx_hal_rcc.o(i.HAL_RCC_ClockConfig)
    HAL_RCC_GetClockConfig                   0x08002661   Thumb Code    54  stm32f1xx_hal_rcc.o(i.HAL_RCC_GetClockConfig)
    HAL_RCC_GetPCLK2Freq                     0x080026a1   Thumb Code    20  stm32f1xx_hal_rcc.o(i.HAL_RCC_GetPCLK2Freq)
    HAL_RCC_GetSysClockFreq                  0x080026c1   Thumb Code    58  stm32f1xx_hal_rcc.o(i.HAL_RCC_GetSysClockFreq)
    HAL_RCC_OscConfig                        0x0800270d   Thumb Code   778  stm32f1xx_hal_rcc.o(i.HAL_RCC_OscConfig)
    HAL_TIMEx_BreakCallback                  0x08002a2d   Thumb Code     2  stm32f1xx_hal_tim_ex.o(i.HAL_TIMEx_BreakCallback)
    HAL_TIMEx_CommutCallback                 0x08002a2f   Thumb Code     2  stm32f1xx_hal_tim_ex.o(i.HAL_TIMEx_CommutCallback)
    HAL_TIMEx_ConfigBreakDeadTime            0x08002a31   Thumb Code    84  stm32f1xx_hal_tim_ex.o(i.HAL_TIMEx_ConfigBreakDeadTime)
    HAL_TIMEx_MasterConfigSynchronization    0x08002a85   Thumb Code   104  stm32f1xx_hal_tim_ex.o(i.HAL_TIMEx_MasterConfigSynchronization)
    HAL_TIM_Base_Init                        0x08002b01   Thumb Code    90  stm32f1xx_hal_tim.o(i.HAL_TIM_Base_Init)
    HAL_TIM_Base_MspInit                     0x08002b5b   Thumb Code     2  stm32f1xx_hal_tim.o(i.HAL_TIM_Base_MspInit)
    HAL_TIM_Base_Start_IT                    0x08002b5d   Thumb Code    88  stm32f1xx_hal_tim.o(i.HAL_TIM_Base_Start_IT)
    HAL_TIM_IC_CaptureCallback               0x08002bc9   Thumb Code     2  stm32f1xx_hal_tim.o(i.HAL_TIM_IC_CaptureCallback)
    HAL_TIM_IRQHandler                       0x08002bcb   Thumb Code   304  stm32f1xx_hal_tim.o(i.HAL_TIM_IRQHandler)
    HAL_TIM_MspPostInit                      0x08002cfd   Thumb Code    64  stm32f1xx_hal_msp.o(i.HAL_TIM_MspPostInit)
    HAL_TIM_OC_DelayElapsedCallback          0x08002d49   Thumb Code     2  stm32f1xx_hal_tim.o(i.HAL_TIM_OC_DelayElapsedCallback)
    HAL_TIM_PWM_ConfigChannel                0x08002d4b   Thumb Code   204  stm32f1xx_hal_tim.o(i.HAL_TIM_PWM_ConfigChannel)
    HAL_TIM_PWM_Init                         0x08002e17   Thumb Code    90  stm32f1xx_hal_tim.o(i.HAL_TIM_PWM_Init)
    HAL_TIM_PWM_MspInit                      0x08002e71   Thumb Code    30  stm32f1xx_hal_msp.o(i.HAL_TIM_PWM_MspInit)
    HAL_TIM_PWM_PulseFinishedCallback        0x08002e99   Thumb Code     2  stm32f1xx_hal_tim.o(i.HAL_TIM_PWM_PulseFinishedCallback)
    HAL_TIM_PWM_Start                        0x08002e9d   Thumb Code   160  stm32f1xx_hal_tim.o(i.HAL_TIM_PWM_Start)
    HAL_TIM_PeriodElapsedCallback            0x08002f51   Thumb Code    14  main.o(i.HAL_TIM_PeriodElapsedCallback)
    HAL_TIM_TriggerCallback                  0x08002f65   Thumb Code     2  stm32f1xx_hal_tim.o(i.HAL_TIM_TriggerCallback)
    Hall_CalcSpeed                           0x08002f69   Thumb Code    84  hall_sensor.o(i.Hall_CalcSpeed)
    Hall_EXTI_Callback                       0x08002fc5   Thumb Code    92  hall_sensor.o(i.Hall_EXTI_Callback)
    Hall_GetAngle                            0x08003025   Thumb Code    62  hall_sensor.o(i.Hall_GetAngle)
    Hall_GetCount                            0x08003069   Thumb Code    18  hall_sensor.o(i.Hall_GetCount)
    Hall_GetSpeed                            0x08003081   Thumb Code    18  hall_sensor.o(i.Hall_GetSpeed)
    Hall_Init                                0x08003099   Thumb Code    30  hall_sensor.o(i.Hall_Init)
    Hall_ResetCount                          0x080030bd   Thumb Code    22  hall_sensor.o(i.Hall_ResetCount)
    HardFault_Handler                        0x080030d9   Thumb Code     2  stm32f1xx_it.o(i.HardFault_Handler)
    MX_USB_DEVICE_Init                       0x080033d9   Thumb Code    66  usb_device.o(i.MX_USB_DEVICE_Init)
    MemManage_Handler                        0x0800342d   Thumb Code     2  stm32f1xx_it.o(i.MemManage_Handler)
    MotorApp_GetLimitFlags                   0x08003431   Thumb Code     6  motor_app.o(i.MotorApp_GetLimitFlags)
    MotorApp_GetPitchPositionCount           0x0800343d   Thumb Code     6  motor_app.o(i.MotorApp_GetPitchPositionCount)
    MotorApp_GetPitchState                   0x08003449   Thumb Code     6  motor_app.o(i.MotorApp_GetPitchState)
    MotorApp_GetPitchTarget                  0x08003455   Thumb Code     6  motor_app.o(i.MotorApp_GetPitchTarget)
    MotorApp_GetScreenAngleDeg100            0x08003461   Thumb Code    28  motor_app.o(i.MotorApp_GetScreenAngleDeg100)
    MotorApp_GetScreenOrientation            0x0800347d   Thumb Code     6  motor_app.o(i.MotorApp_GetScreenOrientation)
    MotorApp_Init                            0x08003489   Thumb Code    34  motor_app.o(i.MotorApp_Init)
    MotorApp_LimitSwitch_Callback            0x080034b1   Thumb Code   102  motor_app.o(i.MotorApp_LimitSwitch_Callback)
    MotorApp_PitchMoveTo                     0x0800351d   Thumb Code    32  motor_app.o(i.MotorApp_PitchMoveTo)
    MotorApp_ScreenDetect                    0x08003541   Thumb Code    42  motor_app.o(i.MotorApp_ScreenDetect)
    MotorApp_ScreenRotateTo                  0x08003571   Thumb Code    78  motor_app.o(i.MotorApp_ScreenRotateTo)
    MotorApp_ScreenTask                      0x080035c9   Thumb Code   216  motor_app.o(i.MotorApp_ScreenTask)
    MotorApp_StartHoming                     0x080036a9   Thumb Code    22  motor_app.o(i.MotorApp_StartHoming)
    MotorApp_Task                            0x080036c5   Thumb Code   222  motor_app.o(i.MotorApp_Task)
    Motor_Init                               0x080037b1   Thumb Code    78  motor_driver.o(i.Motor_Init)
    Motor_SetSpeed                           0x08003809   Thumb Code    70  motor_driver.o(i.Motor_SetSpeed)
    Motor_Stop                               0x08003859   Thumb Code    28  motor_driver.o(i.Motor_Stop)
    NMI_Handler                              0x08003879   Thumb Code     2  stm32f1xx_it.o(i.NMI_Handler)
    PendSV_Handler                           0x08003c21   Thumb Code     2  stm32f1xx_it.o(i.PendSV_Handler)
    SVC_Handler                              0x08003c23   Thumb Code     2  stm32f1xx_it.o(i.SVC_Handler)
    SysTick_Handler                          0x08003c5d   Thumb Code     2  stm32f1xx_it.o(i.SysTick_Handler)
    SystemClock_Config                       0x08003c5f   Thumb Code   126  main.o(i.SystemClock_Config)
    SystemInit                               0x08003cdd   Thumb Code     2  system_stm32f1xx.o(i.SystemInit)
    TIM1_UP_IRQHandler                       0x08003ce1   Thumb Code     6  stm32f1xx_it.o(i.TIM1_UP_IRQHandler)
    TIM_Base_SetConfig                       0x08003ced   Thumb Code   134  stm32f1xx_hal_tim.o(i.TIM_Base_SetConfig)
    TIM_CCxChannelCmd                        0x08003d89   Thumb Code    26  stm32f1xx_hal_tim.o(i.TIM_CCxChannelCmd)
    TIM_OC2_SetConfig                        0x08003e05   Thumb Code    98  stm32f1xx_hal_tim.o(i.TIM_OC2_SetConfig)
    USBD_CDC_GetDeviceQualifierDescriptor    0x08004005   Thumb Code     8  usbd_cdc.o(i.USBD_CDC_GetDeviceQualifierDescriptor)
    USBD_CDC_ReceivePacket                   0x080040c9   Thumb Code    40  usbd_cdc.o(i.USBD_CDC_ReceivePacket)
    USBD_CDC_RegisterInterface               0x080040f1   Thumb Code    16  usbd_cdc.o(i.USBD_CDC_RegisterInterface)
    USBD_CDC_SetRxBuffer                     0x08004101   Thumb Code    12  usbd_cdc.o(i.USBD_CDC_SetRxBuffer)
    USBD_CDC_SetTxBuffer                     0x0800410d   Thumb Code    16  usbd_cdc.o(i.USBD_CDC_SetTxBuffer)
    USBD_CDC_TransmitPacket                  0x080041c9   Thumb Code    54  usbd_cdc.o(i.USBD_CDC_TransmitPacket)
    USBD_ClrClassConfig                      0x080041ff   Thumb Code    14  usbd_core.o(i.USBD_ClrClassConfig)
    USBD_CtlContinueRx                       0x0800420d   Thumb Code    16  usbd_ioreq.o(i.USBD_CtlContinueRx)
    USBD_CtlContinueSendData                 0x0800421d   Thumb Code    16  usbd_ioreq.o(i.USBD_CtlContinueSendData)
    USBD_CtlError                            0x0800422d   Thumb Code    22  usbd_ctlreq.o(i.USBD_CtlError)
    USBD_CtlPrepareRx                        0x08004243   Thumb Code    30  usbd_ioreq.o(i.USBD_CtlPrepareRx)
    USBD_CtlReceiveStatus                    0x08004261   Thumb Code    22  usbd_ioreq.o(i.USBD_CtlReceiveStatus)
    USBD_CtlSendData                         0x08004277   Thumb Code    26  usbd_ioreq.o(i.USBD_CtlSendData)
    USBD_CtlSendStatus                       0x08004291   Thumb Code    22  usbd_ioreq.o(i.USBD_CtlSendStatus)
    USBD_FS_ConfigStrDescriptor              0x080042a9   Thumb Code    16  usbd_desc.o(i.USBD_FS_ConfigStrDescriptor)
    USBD_FS_DeviceDescriptor                 0x080042c9   Thumb Code     8  usbd_desc.o(i.USBD_FS_DeviceDescriptor)
    USBD_FS_InterfaceStrDescriptor           0x080042d5   Thumb Code    16  usbd_desc.o(i.USBD_FS_InterfaceStrDescriptor)
    USBD_FS_LangIDStrDescriptor              0x080042f9   Thumb Code     8  usbd_desc.o(i.USBD_FS_LangIDStrDescriptor)
    USBD_FS_ManufacturerStrDescriptor        0x08004305   Thumb Code    16  usbd_desc.o(i.USBD_FS_ManufacturerStrDescriptor)
    USBD_FS_ProductStrDescriptor             0x0800432d   Thumb Code    16  usbd_desc.o(i.USBD_FS_ProductStrDescriptor)
    USBD_FS_SerialStrDescriptor              0x08004359   Thumb Code    48  usbd_desc.o(i.USBD_FS_SerialStrDescriptor)
    USBD_GetString                           0x08004479   Thumb Code    72  usbd_ctlreq.o(i.USBD_GetString)
    USBD_Init                                0x080044d9   Thumb Code    42  usbd_core.o(i.USBD_Init)
    USBD_LL_ClearStallEP                     0x08004503   Thumb Code    18  usbd_conf.o(i.USBD_LL_ClearStallEP)
    USBD_LL_CloseEP                          0x08004515   Thumb Code    18  usbd_conf.o(i.USBD_LL_CloseEP)
    USBD_LL_DataInStage                      0x08004527   Thumb Code   198  usbd_core.o(i.USBD_LL_DataInStage)
    USBD_LL_DataOutStage                     0x080045ed   Thumb Code   130  usbd_core.o(i.USBD_LL_DataOutStage)
    USBD_LL_GetRxDataSize                    0x0800466f   Thumb Code     8  usbd_conf.o(i.USBD_LL_GetRxDataSize)
    USBD_LL_Init                             0x08004679   Thumb Code   118  usbd_conf.o(i.USBD_LL_Init)
    USBD_LL_IsStallEP                        0x080046f9   Thumb Code    30  usbd_conf.o(i.USBD_LL_IsStallEP)
    USBD_LL_OpenEP                           0x08004717   Thumb Code    24  usbd_conf.o(i.USBD_LL_OpenEP)
    USBD_LL_PrepareReceive                   0x0800472f   Thumb Code    18  usbd_conf.o(i.USBD_LL_PrepareReceive)
    USBD_LL_Reset                            0x08004741   Thumb Code    80  usbd_core.o(i.USBD_LL_Reset)
    USBD_LL_Resume                           0x08004791   Thumb Code    20  usbd_core.o(i.USBD_LL_Resume)
    USBD_LL_SOF                              0x080047a5   Thumb Code    24  usbd_core.o(i.USBD_LL_SOF)
    USBD_LL_SetSpeed                         0x080047bd   Thumb Code     6  usbd_core.o(i.USBD_LL_SetSpeed)
    USBD_LL_SetUSBAddress                    0x080047c3   Thumb Code    18  usbd_conf.o(i.USBD_LL_SetUSBAddress)
    USBD_LL_SetupStage                       0x080047d5   Thumb Code    90  usbd_core.o(i.USBD_LL_SetupStage)
    USBD_LL_StallEP                          0x0800482f   Thumb Code    18  usbd_conf.o(i.USBD_LL_StallEP)
    USBD_LL_Start                            0x08004841   Thumb Code    18  usbd_conf.o(i.USBD_LL_Start)
    USBD_LL_Suspend                          0x08004853   Thumb Code    18  usbd_core.o(i.USBD_LL_Suspend)
    USBD_LL_Transmit                         0x08004865   Thumb Code    18  usbd_conf.o(i.USBD_LL_Transmit)
    USBD_ParseSetupRequest                   0x08004877   Thumb Code    40  usbd_ctlreq.o(i.USBD_ParseSetupRequest)
    USBD_RegisterClass                       0x0800489f   Thumb Code    16  usbd_core.o(i.USBD_RegisterClass)
    USBD_SetClassConfig                      0x080048af   Thumb Code    22  usbd_core.o(i.USBD_SetClassConfig)
    USBD_Start                               0x08004949   Thumb Code    10  usbd_core.o(i.USBD_Start)
    USBD_StdDevReq                           0x08004953   Thumb Code   274  usbd_ctlreq.o(i.USBD_StdDevReq)
    USBD_StdEPReq                            0x08004a65   Thumb Code   336  usbd_ctlreq.o(i.USBD_StdEPReq)
    USBD_StdItfReq                           0x08004bb5   Thumb Code    78  usbd_ctlreq.o(i.USBD_StdItfReq)
    USBD_static_free                         0x08004c03   Thumb Code     2  usbd_conf.o(i.USBD_static_free)
    USBD_static_malloc                       0x08004c05   Thumb Code     4  usbd_conf.o(i.USBD_static_malloc)
    USB_ActivateEndpoint                     0x08004c0d   Thumb Code   668  stm32f1xx_ll_usb.o(i.USB_ActivateEndpoint)
    USB_Cmd_Feed                             0x08004ea9   Thumb Code    40  usb_cmd.o(i.USB_Cmd_Feed)
    USB_Cmd_Poll                             0x08004ed9   Thumb Code    72  usb_cmd.o(i.USB_Cmd_Poll)
    USB_Cmd_SendStr                          0x08004f29   Thumb Code    20  usb_cmd.o(i.USB_Cmd_SendStr)
    USB_CoreInit                             0x08004f3d   Thumb Code     4  stm32f1xx_ll_usb.o(i.USB_CoreInit)
    USB_DeactivateEndpoint                   0x08004f41   Thumb Code   270  stm32f1xx_ll_usb.o(i.USB_DeactivateEndpoint)
    USB_DevConnect                           0x0800504f   Thumb Code     4  stm32f1xx_ll_usb.o(i.USB_DevConnect)
    USB_DevDisconnect                        0x08005053   Thumb Code     4  stm32f1xx_ll_usb.o(i.USB_DevDisconnect)
    USB_DevInit                              0x08005057   Thumb Code    18  stm32f1xx_ll_usb.o(i.USB_DevInit)
    USB_DisableGlobalInt                     0x08005069   Thumb Code    14  stm32f1xx_ll_usb.o(i.USB_DisableGlobalInt)
    USB_EP0_OutStart                         0x08005077   Thumb Code     4  stm32f1xx_ll_usb.o(i.USB_EP0_OutStart)
    USB_EPClearStall                         0x0800507b   Thumb Code   120  stm32f1xx_ll_usb.o(i.USB_EPClearStall)
    USB_EPSetStall                           0x080050f3   Thumb Code    50  stm32f1xx_ll_usb.o(i.USB_EPSetStall)
    USB_EPStartXfer                          0x08005125   Thumb Code  1250  stm32f1xx_ll_usb.o(i.USB_EPStartXfer)
    USB_EnableGlobalInt                      0x08005607   Thumb Code    18  stm32f1xx_ll_usb.o(i.USB_EnableGlobalInt)
    USB_LP_CAN1_RX0_IRQHandler               0x08005619   Thumb Code     6  stm32f1xx_it.o(i.USB_LP_CAN1_RX0_IRQHandler)
    USB_ReadInterrupts                       0x08005625   Thumb Code     6  stm32f1xx_ll_usb.o(i.USB_ReadInterrupts)
    USB_ReadPMA                              0x0800562d   Thumb Code    44  stm32f1xx_ll_usb.o(i.USB_ReadPMA)
    USB_SetCurrentMode                       0x08005659   Thumb Code     4  stm32f1xx_ll_usb.o(i.USB_SetCurrentMode)
    USB_SetDevAddress                        0x0800565d   Thumb Code    12  stm32f1xx_ll_usb.o(i.USB_SetDevAddress)
    USB_WritePMA                             0x08005669   Thumb Code    38  stm32f1xx_ll_usb.o(i.USB_WritePMA)
    UsageFault_Handler                       0x0800568f   Thumb Code     2  stm32f1xx_it.o(i.UsageFault_Handler)
    main                                     0x08005741   Thumb Code   386  main.o(i.main)
    AHBPrescTable                            0x08005a78   Data          16  system_stm32f1xx.o(.constdata)
    APBPrescTable                            0x08005a88   Data           8  system_stm32f1xx.o(.constdata)
    Region$$Table$$Base                      0x08005aa8   Number         0  anon$$obj.o(Region$$Table)
    Region$$Table$$Limit                     0x08005ac8   Number         0  anon$$obj.o(Region$$Table)
    dbg_pitch_state                          0x20000000   Data           1  main.o(.data)
    dbg_limit_flags                          0x20000001   Data           1  main.o(.data)
    dbg_screen_orient                        0x20000002   Data           1  main.o(.data)
    dbg_screen_cmd                           0x20000003   Data           1  main.o(.data)
    dbg_enc1_angle                           0x20000004   Data           2  main.o(.data)
    dbg_enc2_angle                           0x20000006   Data           2  main.o(.data)
    dbg_cur1_ma                              0x20000008   Data           2  main.o(.data)
    dbg_cur2_ma                              0x2000000a   Data           2  main.o(.data)
    dbg_vbus_mv                              0x2000000c   Data           2  main.o(.data)
    dbg_ais1_raw                             0x2000000e   Data           2  main.o(.data)
    dbg_ais2_raw                             0x20000010   Data           2  main.o(.data)
    dbg_bis1_raw                             0x20000012   Data           2  main.o(.data)
    dbg_bis2_raw                             0x20000014   Data           2  main.o(.data)
    dbg_enc1_count                           0x20000024   Data           4  main.o(.data)
    dbg_enc2_count                           0x20000028   Data           4  main.o(.data)
    dbg_enc1_speed                           0x2000002c   Data           4  main.o(.data)
    dbg_enc2_speed                           0x20000030   Data           4  main.o(.data)
    dbg_pitch_pos                            0x20000034   Data           4  main.o(.data)
    dbg_pitch_target                         0x20000038   Data           4  main.o(.data)
    dbg_pitch_cmd                            0x2000003c   Data           4  main.o(.data)
    dbg_screen_angle                         0x20000040   Data           4  main.o(.data)
    uwTickFreq                               0x20000044   Data           1  stm32f1xx_hal.o(.data)
    uwTickPrio                               0x20000048   Data           4  stm32f1xx_hal.o(.data)
    uwTick                                   0x2000004c   Data           4  stm32f1xx_hal.o(.data)
    SystemCoreClock                          0x20000050   Data           4  system_stm32f1xx.o(.data)
    g_screen_orient                          0x20000061   Data           1  motor_app.o(.data)
    FS_Desc                                  0x2000009c   Data          28  usbd_desc.o(.data)
    USBD_LangIDDesc                          0x200000b8   Data           4  usbd_desc.o(.data)
    USBD_FS_DeviceDesc                       0x200000bc   Data          18  usbd_desc.o(.data)
    USBD_StringSerial                        0x200000d0   Data          26  usbd_desc.o(.data)
    USBD_Interface_fops_FS                   0x200000ec   Data          16  usbd_cdc_if.o(.data)
    USBD_CDC_CfgHSDesc                       0x2000010c   Data          67  usbd_cdc.o(.data)
    USBD_CDC_CfgFSDesc                       0x20000150   Data          67  usbd_cdc.o(.data)
    USBD_CDC_OtherSpeedCfgDesc               0x20000194   Data          67  usbd_cdc.o(.data)
    USBD_CDC                                 0x200001d8   Data          56  usbd_cdc.o(.data)
    hadc1                                    0x20000210   Data          48  main.o(.bss)
    hadc2                                    0x20000240   Data          48  main.o(.bss)
    htim8                                    0x20000270   Data          72  main.o(.bss)
    htim1                                    0x200002b8   Data          72  stm32f1xx_hal_timebase_tim.o(.bss)
    pFlash                                   0x20000300   Data          32  stm32f1xx_hal_flash.o(.bss)
    hUsbDeviceFS                             0x20000410   Data         708  usb_device.o(.bss)
    USBD_StrDesc                             0x200006d4   Data         512  usbd_desc.o(.bss)
    UserRxBufferFS                           0x200008d4   Data        1024  usbd_cdc_if.o(.bss)
    UserTxBufferFS                           0x20000cd4   Data        1024  usbd_cdc_if.o(.bss)
    hpcd_USB_FS                              0x200012f4   Data         728  usbd_conf.o(.bss)
    __libspace_start                         0x200015cc   Data          96  libspace.o(.bss)
    __temporary_stack_top$libspace           0x2000162c   Data           0  libspace.o(.bss)



==============================================================================

Memory Map of the image

  Image Entry point : 0x08000131

  Load Region LR_IROM1 (Base: 0x08000000, Size: 0x00005cd8, Max: 0x00040000, ABSOLUTE, COMPRESSED[0x00005b94])

    Execution Region ER_IROM1 (Exec base: 0x08000000, Load base: 0x08000000, Size: 0x00005ac8, Max: 0x00040000, ABSOLUTE)

    Exec Addr    Load Addr    Size         Type   Attr      Idx    E Section Name        Object

    0x08000000   0x08000000   0x00000130   Data   RO            3    RESET               startup_stm32f103xe.o
    0x08000130   0x08000130   0x00000008   Code   RO         4423  * !!!main             c_w.l(__main.o)
    0x08000138   0x08000138   0x00000034   Code   RO         4592    !!!scatter          c_w.l(__scatter.o)
    0x0800016c   0x0800016c   0x0000005a   Code   RO         4590    !!dczerorl2         c_w.l(__dczerorl2.o)
    0x080001c6   0x080001c6   0x00000002   PAD
    0x080001c8   0x080001c8   0x0000001c   Code   RO         4594    !!handler_zi        c_w.l(__scatter_zi.o)
    0x080001e4   0x080001e4   0x00000002   Code   RO         4460    .ARM.Collect$$libinit$$00000000  c_w.l(libinit.o)
    0x080001e6   0x080001e6   0x00000000   Code   RO         4473    .ARM.Collect$$libinit$$00000002  c_w.l(libinit2.o)
    0x080001e6   0x080001e6   0x00000000   Code   RO         4475    .ARM.Collect$$libinit$$00000004  c_w.l(libinit2.o)
    0x080001e6   0x080001e6   0x00000000   Code   RO         4478    .ARM.Collect$$libinit$$0000000A  c_w.l(libinit2.o)
    0x080001e6   0x080001e6   0x00000000   Code   RO         4480    .ARM.Collect$$libinit$$0000000C  c_w.l(libinit2.o)
    0x080001e6   0x080001e6   0x00000000   Code   RO         4482    .ARM.Collect$$libinit$$0000000E  c_w.l(libinit2.o)
    0x080001e6   0x080001e6   0x00000000   Code   RO         4485    .ARM.Collect$$libinit$$00000011  c_w.l(libinit2.o)
    0x080001e6   0x080001e6   0x00000000   Code   RO         4487    .ARM.Collect$$libinit$$00000013  c_w.l(libinit2.o)
    0x080001e6   0x080001e6   0x00000000   Code   RO         4489    .ARM.Collect$$libinit$$00000015  c_w.l(libinit2.o)
    0x080001e6   0x080001e6   0x00000000   Code   RO         4491    .ARM.Collect$$libinit$$00000017  c_w.l(libinit2.o)
    0x080001e6   0x080001e6   0x00000000   Code   RO         4493    .ARM.Collect$$libinit$$00000019  c_w.l(libinit2.o)
    0x080001e6   0x080001e6   0x00000000   Code   RO         4495    .ARM.Collect$$libinit$$0000001B  c_w.l(libinit2.o)
    0x080001e6   0x080001e6   0x00000000   Code   RO         4497    .ARM.Collect$$libinit$$0000001D  c_w.l(libinit2.o)
    0x080001e6   0x080001e6   0x00000000   Code   RO         4499    .ARM.Collect$$libinit$$0000001F  c_w.l(libinit2.o)
    0x080001e6   0x080001e6   0x00000000   Code   RO         4501    .ARM.Collect$$libinit$$00000021  c_w.l(libinit2.o)
    0x080001e6   0x080001e6   0x00000000   Code   RO         4503    .ARM.Collect$$libinit$$00000023  c_w.l(libinit2.o)
    0x080001e6   0x080001e6   0x00000000   Code   RO         4505    .ARM.Collect$$libinit$$00000025  c_w.l(libinit2.o)
    0x080001e6   0x080001e6   0x00000000   Code   RO         4509    .ARM.Collect$$libinit$$0000002C  c_w.l(libinit2.o)
    0x080001e6   0x080001e6   0x00000000   Code   RO         4511    .ARM.Collect$$libinit$$0000002E  c_w.l(libinit2.o)
    0x080001e6   0x080001e6   0x00000000   Code   RO         4513    .ARM.Collect$$libinit$$00000030  c_w.l(libinit2.o)
    0x080001e6   0x080001e6   0x00000000   Code   RO         4515    .ARM.Collect$$libinit$$00000032  c_w.l(libinit2.o)
    0x080001e6   0x080001e6   0x00000002   Code   RO         4516    .ARM.Collect$$libinit$$00000033  c_w.l(libinit2.o)
    0x080001e8   0x080001e8   0x00000002   Code   RO         4547    .ARM.Collect$$libshutdown$$00000000  c_w.l(libshutdown.o)
    0x080001ea   0x080001ea   0x00000000   Code   RO         4573    .ARM.Collect$$libshutdown$$00000002  c_w.l(libshutdown2.o)
    0x080001ea   0x080001ea   0x00000000   Code   RO         4575    .ARM.Collect$$libshutdown$$00000004  c_w.l(libshutdown2.o)
    0x080001ea   0x080001ea   0x00000000   Code   RO         4578    .ARM.Collect$$libshutdown$$00000007  c_w.l(libshutdown2.o)
    0x080001ea   0x080001ea   0x00000000   Code   RO         4581    .ARM.Collect$$libshutdown$$0000000A  c_w.l(libshutdown2.o)
    0x080001ea   0x080001ea   0x00000000   Code   RO         4583    .ARM.Collect$$libshutdown$$0000000C  c_w.l(libshutdown2.o)
    0x080001ea   0x080001ea   0x00000000   Code   RO         4586    .ARM.Collect$$libshutdown$$0000000F  c_w.l(libshutdown2.o)
    0x080001ea   0x080001ea   0x00000002   Code   RO         4587    .ARM.Collect$$libshutdown$$00000010  c_w.l(libshutdown2.o)
    0x080001ec   0x080001ec   0x00000000   Code   RO         4425    .ARM.Collect$$rtentry$$00000000  c_w.l(__rtentry.o)
    0x080001ec   0x080001ec   0x00000000   Code   RO         4431    .ARM.Collect$$rtentry$$00000002  c_w.l(__rtentry2.o)
    0x080001ec   0x080001ec   0x00000006   Code   RO         4443    .ARM.Collect$$rtentry$$00000004  c_w.l(__rtentry4.o)
    0x080001f2   0x080001f2   0x00000000   Code   RO         4433    .ARM.Collect$$rtentry$$00000009  c_w.l(__rtentry2.o)
    0x080001f2   0x080001f2   0x00000004   Code   RO         4434    .ARM.Collect$$rtentry$$0000000A  c_w.l(__rtentry2.o)
    0x080001f6   0x080001f6   0x00000000   Code   RO         4436    .ARM.Collect$$rtentry$$0000000C  c_w.l(__rtentry2.o)
    0x080001f6   0x080001f6   0x00000008   Code   RO         4437    .ARM.Collect$$rtentry$$0000000D  c_w.l(__rtentry2.o)
    0x080001fe   0x080001fe   0x00000002   Code   RO         4464    .ARM.Collect$$rtexit$$00000000  c_w.l(rtexit.o)
    0x08000200   0x08000200   0x00000000   Code   RO         4520    .ARM.Collect$$rtexit$$00000002  c_w.l(rtexit2.o)
    0x08000200   0x08000200   0x00000004   Code   RO         4521    .ARM.Collect$$rtexit$$00000003  c_w.l(rtexit2.o)
    0x08000204   0x08000204   0x00000006   Code   RO         4522    .ARM.Collect$$rtexit$$00000004  c_w.l(rtexit2.o)
    0x0800020a   0x0800020a   0x00000002   PAD
    0x0800020c   0x0800020c   0x00000040   Code   RO            4    .text               startup_stm32f103xe.o
    0x0800024c   0x0800024c   0x000000ee   Code   RO         4409    .text               c_w.l(lludivv7m.o)
    0x0800033a   0x0800033a   0x00000026   Code   RO         4411    .text               c_w.l(llushr.o)
    0x08000360   0x08000360   0x00000048   Code   RO         4413    .text               c_w.l(llsdiv.o)
    0x080003a8   0x080003a8   0x0000003e   Code   RO         4415    .text               c_w.l(strlen.o)
    0x080003e6   0x080003e6   0x00000096   Code   RO         4417    .text               c_w.l(strncmp.o)
    0x0800047c   0x0800047c   0x0000004e   Code   RO         4419    .text               c_w.l(rt_memclr_w.o)
    0x080004ca   0x080004ca   0x00000006   Code   RO         4421    .text               c_w.l(heapauxi.o)
    0x080004d0   0x080004d0   0x0000004a   Code   RO         4447    .text               c_w.l(sys_stackheap_outer.o)
    0x0800051a   0x0800051a   0x00000012   Code   RO         4449    .text               c_w.l(exit.o)
    0x0800052c   0x0800052c   0x00000008   Code   RO         4461    .text               c_w.l(libspace.o)
    0x08000534   0x08000534   0x0000000c   Code   RO         4517    .text               c_w.l(sys_exit.o)
    0x08000540   0x08000540   0x00000002   Code   RO         4536    .text               c_w.l(use_no_semi.o)
    0x08000542   0x08000542   0x00000000   Code   RO         4538    .text               c_w.l(indicate_semi.o)
    0x08000542   0x08000542   0x00000002   PAD
    0x08000544   0x08000544   0x00000056   Code   RO         2872    i.ADC_ConversionStop_Disable  stm32f1xx_hal_adc.o
    0x0800059a   0x0800059a   0x00000002   PAD
    0x0800059c   0x0800059c   0x0000007c   Code   RO         2876    i.ADC_Enable        stm32f1xx_hal_adc.o
    0x08000618   0x08000618   0x00000002   Code   RO          219    i.BusFault_Handler  stm32f1xx_it.o
    0x0800061a   0x0800061a   0x00000004   Code   RO         3777    i.CDC_Control_FS    usbd_cdc_if.o
    0x0800061e   0x0800061e   0x00000004   Code   RO         3778    i.CDC_DeInit_FS     usbd_cdc_if.o
    0x08000622   0x08000622   0x00000002   PAD
    0x08000624   0x08000624   0x00000024   Code   RO         3779    i.CDC_Init_FS       usbd_cdc_if.o
    0x08000648   0x08000648   0x00000020   Code   RO         3780    i.CDC_Receive_FS    usbd_cdc_if.o
    0x08000668   0x08000668   0x0000002c   Code   RO         3781    i.CDC_Transmit_FS   usbd_cdc_if.o
    0x08000694   0x08000694   0x00000018   Code   RO         3187    i.Current_GetMotor  current_sensor.o
    0x080006ac   0x080006ac   0x00000020   Code   RO         3188    i.Current_GetRaw    current_sensor.o
    0x080006cc   0x080006cc   0x0000000c   Code   RO         3189    i.Current_GetVbus   current_sensor.o
    0x080006d8   0x080006d8   0x000000b8   Code   RO         3190    i.Current_Init      current_sensor.o
    0x08000790   0x08000790   0x00000140   Code   RO         3191    i.Current_Sample    current_sensor.o
    0x080008d0   0x080008d0   0x00000002   Code   RO          220    i.DebugMon_Handler  stm32f1xx_it.o
    0x080008d2   0x080008d2   0x00000002   PAD
    0x080008d4   0x080008d4   0x0000002c   Code   RO         3538    i.EE_FindValidPage  eeprom_emul.o
    0x08000900   0x08000900   0x00000048   Code   RO         3539    i.EE_Format         eeprom_emul.o
    0x08000948   0x08000948   0x00000110   Code   RO         3540    i.EE_Init           eeprom_emul.o
    0x08000a58   0x08000a58   0x000000d8   Code   RO         3541    i.EE_PageTransfer   eeprom_emul.o
    0x08000b30   0x08000b30   0x00000044   Code   RO         3542    i.EE_ReadVariable   eeprom_emul.o
    0x08000b74   0x08000b74   0x00000058   Code   RO         3543    i.EE_VerifyPageFullWriteVariable  eeprom_emul.o
    0x08000bcc   0x08000bcc   0x0000002a   Code   RO         3544    i.EE_WriteVariable  eeprom_emul.o
    0x08000bf6   0x08000bf6   0x00000016   Code   RO          221    i.EXTI15_10_IRQHandler  stm32f1xx_it.o
    0x08000c0c   0x08000c0c   0x00000022   Code   RO          222    i.EXTI9_5_IRQHandler  stm32f1xx_it.o
    0x08000c2e   0x08000c2e   0x00000004   Code   RO           13    i.Error_Handler     main.o
    0x08000c32   0x08000c32   0x00000002   PAD
    0x08000c34   0x08000c34   0x00000024   Code   RO         2715    i.FLASH_MassErase   stm32f1xx_hal_flash_ex.o
    0x08000c58   0x08000c58   0x00000024   Code   RO         2720    i.FLASH_PageErase   stm32f1xx_hal_flash_ex.o
    0x08000c7c   0x08000c7c   0x0000001c   Code   RO         2612    i.FLASH_Program_HalfWord  stm32f1xx_hal_flash.o
    0x08000c98   0x08000c98   0x0000005c   Code   RO         2613    i.FLASH_SetErrorCode  stm32f1xx_hal_flash.o
    0x08000cf4   0x08000cf4   0x00000054   Code   RO         2614    i.FLASH_WaitForLastOperation  stm32f1xx_hal_flash.o
    0x08000d48   0x08000d48   0x000000d8   Code   RO         3052    i.HAL_ADCEx_Calibration_Start  stm32f1xx_hal_adc_ex.o
    0x08000e20   0x08000e20   0x000001f0   Code   RO         3053    i.HAL_ADCEx_InjectedConfigChannel  stm32f1xx_hal_adc_ex.o
    0x08001010   0x08001010   0x000000fc   Code   RO         2878    i.HAL_ADC_ConfigChannel  stm32f1xx_hal_adc.o
    0x0800110c   0x0800110c   0x00000006   Code   RO         2885    i.HAL_ADC_GetValue  stm32f1xx_hal_adc.o
    0x08001112   0x08001112   0x00000002   PAD
    0x08001114   0x08001114   0x00000120   Code   RO         2887    i.HAL_ADC_Init      stm32f1xx_hal_adc.o
    0x08001234   0x08001234   0x000000b0   Code   RO          329    i.HAL_ADC_MspInit   stm32f1xx_hal_msp.o
    0x080012e4   0x080012e4   0x0000013c   Code   RO         2891    i.HAL_ADC_PollForConversion  stm32f1xx_hal_adc.o
    0x08001420   0x08001420   0x000000c0   Code   RO         2893    i.HAL_ADC_Start     stm32f1xx_hal_adc.o
    0x080014e0   0x080014e0   0x00000034   Code   RO         2896    i.HAL_ADC_Stop      stm32f1xx_hal_adc.o
    0x08001514   0x08001514   0x000000a8   Code   RO         2721    i.HAL_FLASHEx_Erase  stm32f1xx_hal_flash_ex.o
    0x080015bc   0x080015bc   0x00000014   Code   RO         2618    i.HAL_FLASH_Lock    stm32f1xx_hal_flash.o
    0x080015d0   0x080015d0   0x00000080   Code   RO         2623    i.HAL_FLASH_Program  stm32f1xx_hal_flash.o
    0x08001650   0x08001650   0x00000028   Code   RO         2625    i.HAL_FLASH_Unlock  stm32f1xx_hal_flash.o
    0x08001678   0x08001678   0x00000012   Code   RO          223    i.HAL_GPIO_EXTI_Callback  stm32f1xx_it.o
    0x0800168a   0x0800168a   0x00000002   PAD
    0x0800168c   0x0800168c   0x00000018   Code   RO         2211    i.HAL_GPIO_EXTI_IRQHandler  stm32f1xx_hal_gpio.o
    0x080016a4   0x080016a4   0x000001f8   Code   RO         2212    i.HAL_GPIO_Init     stm32f1xx_hal_gpio.o
    0x0800189c   0x0800189c   0x0000000a   Code   RO         2214    i.HAL_GPIO_ReadPin  stm32f1xx_hal_gpio.o
    0x080018a6   0x080018a6   0x00000010   Code   RO         2215    i.HAL_GPIO_TogglePin  stm32f1xx_hal_gpio.o
    0x080018b6   0x080018b6   0x0000000a   Code   RO         2216    i.HAL_GPIO_WritePin  stm32f1xx_hal_gpio.o
    0x080018c0   0x080018c0   0x0000000c   Code   RO         1906    i.HAL_GetTick       stm32f1xx_hal.o
    0x080018cc   0x080018cc   0x00000010   Code   RO         1912    i.HAL_IncTick       stm32f1xx_hal.o
    0x080018dc   0x080018dc   0x00000024   Code   RO         1913    i.HAL_Init          stm32f1xx_hal.o
    0x08001900   0x08001900   0x0000008c   Code   RO          382    i.HAL_InitTick      stm32f1xx_hal_timebase_tim.o
    0x0800198c   0x0800198c   0x0000003c   Code   RO          330    i.HAL_MspInit       stm32f1xx_hal_msp.o
    0x080019c8   0x080019c8   0x0000001a   Code   RO         2372    i.HAL_NVIC_EnableIRQ  stm32f1xx_hal_cortex.o
    0x080019e2   0x080019e2   0x00000002   PAD
    0x080019e4   0x080019e4   0x00000040   Code   RO         2378    i.HAL_NVIC_SetPriority  stm32f1xx_hal_cortex.o
    0x08001a24   0x08001a24   0x00000024   Code   RO         2379    i.HAL_NVIC_SetPriorityGrouping  stm32f1xx_hal_cortex.o
    0x08001a48   0x08001a48   0x0000003c   Code   RO         1669    i.HAL_PCDEx_PMAConfig  stm32f1xx_hal_pcd_ex.o
    0x08001a84   0x08001a84   0x00000002   Code   RO         3829    i.HAL_PCDEx_SetConnectionState  usbd_conf.o
    0x08001a86   0x08001a86   0x00000012   Code   RO         3831    i.HAL_PCD_DataInStageCallback  usbd_conf.o
    0x08001a98   0x08001a98   0x00000014   Code   RO         3832    i.HAL_PCD_DataOutStageCallback  usbd_conf.o
    0x08001aac   0x08001aac   0x0000004a   Code   RO         1440    i.HAL_PCD_EP_Close  stm32f1xx_hal_pcd.o
    0x08001af6   0x08001af6   0x0000005a   Code   RO         1441    i.HAL_PCD_EP_ClrStall  stm32f1xx_hal_pcd.o
    0x08001b50   0x08001b50   0x000000e6   Code   RO         1442    i.HAL_PCD_EP_DB_Receive  stm32f1xx_hal_pcd.o
    0x08001c36   0x08001c36   0x00000338   Code   RO         1443    i.HAL_PCD_EP_DB_Transmit  stm32f1xx_hal_pcd.o
    0x08001f6e   0x08001f6e   0x00000012   Code   RO         1445    i.HAL_PCD_EP_GetRxCount  stm32f1xx_hal_pcd.o
    0x08001f80   0x08001f80   0x00000058   Code   RO         1446    i.HAL_PCD_EP_Open   stm32f1xx_hal_pcd.o
    0x08001fd8   0x08001fd8   0x0000002e   Code   RO         1447    i.HAL_PCD_EP_Receive  stm32f1xx_hal_pcd.o
    0x08002006   0x08002006   0x00000070   Code   RO         1448    i.HAL_PCD_EP_SetStall  stm32f1xx_hal_pcd.o
    0x08002076   0x08002076   0x0000002e   Code   RO         1449    i.HAL_PCD_EP_Transmit  stm32f1xx_hal_pcd.o
    0x080020a4   0x080020a4   0x00000134   Code   RO         1451    i.HAL_PCD_IRQHandler  stm32f1xx_hal_pcd.o
    0x080021d8   0x080021d8   0x000000ba   Code   RO         1454    i.HAL_PCD_Init      stm32f1xx_hal_pcd.o
    0x08002292   0x08002292   0x00000002   PAD
    0x08002294   0x08002294   0x0000003c   Code   RO         3837    i.HAL_PCD_MspInit   usbd_conf.o
    0x080022d0   0x080022d0   0x00000026   Code   RO         3838    i.HAL_PCD_ResetCallback  usbd_conf.o
    0x080022f6   0x080022f6   0x00000008   Code   RO         3839    i.HAL_PCD_ResumeCallback  usbd_conf.o
    0x080022fe   0x080022fe   0x00000008   Code   RO         3840    i.HAL_PCD_SOFCallback  usbd_conf.o
    0x08002306   0x08002306   0x00000026   Code   RO         1460    i.HAL_PCD_SetAddress  stm32f1xx_hal_pcd.o
    0x0800232c   0x0800232c   0x0000000e   Code   RO         3841    i.HAL_PCD_SetupStageCallback  usbd_conf.o
    0x0800233a   0x0800233a   0x00000032   Code   RO         1462    i.HAL_PCD_Start     stm32f1xx_hal_pcd.o
    0x0800236c   0x0800236c   0x00000024   Code   RO         3842    i.HAL_PCD_SuspendCallback  usbd_conf.o
    0x08002390   0x08002390   0x000000b8   Code   RO         2173    i.HAL_RCCEx_GetPeriphCLKFreq  stm32f1xx_hal_rcc_ex.o
    0x08002448   0x08002448   0x000000ec   Code   RO         2174    i.HAL_RCCEx_PeriphCLKConfig  stm32f1xx_hal_rcc_ex.o
    0x08002534   0x08002534   0x0000012c   Code   RO         2070    i.HAL_RCC_ClockConfig  stm32f1xx_hal_rcc.o
    0x08002660   0x08002660   0x00000040   Code   RO         2074    i.HAL_RCC_GetClockConfig  stm32f1xx_hal_rcc.o
    0x080026a0   0x080026a0   0x00000020   Code   RO         2078    i.HAL_RCC_GetPCLK2Freq  stm32f1xx_hal_rcc.o
    0x080026c0   0x080026c0   0x0000004c   Code   RO         2079    i.HAL_RCC_GetSysClockFreq  stm32f1xx_hal_rcc.o
    0x0800270c   0x0800270c   0x00000320   Code   RO         2082    i.HAL_RCC_OscConfig  stm32f1xx_hal_rcc.o
    0x08002a2c   0x08002a2c   0x00000002   Code   RO         1163    i.HAL_TIMEx_BreakCallback  stm32f1xx_hal_tim_ex.o
    0x08002a2e   0x08002a2e   0x00000002   Code   RO         1164    i.HAL_TIMEx_CommutCallback  stm32f1xx_hal_tim_ex.o
    0x08002a30   0x08002a30   0x00000054   Code   RO         1166    i.HAL_TIMEx_ConfigBreakDeadTime  stm32f1xx_hal_tim_ex.o
    0x08002a84   0x08002a84   0x0000007c   Code   RO         1182    i.HAL_TIMEx_MasterConfigSynchronization  stm32f1xx_hal_tim_ex.o
    0x08002b00   0x08002b00   0x0000005a   Code   RO          459    i.HAL_TIM_Base_Init  stm32f1xx_hal_tim.o
    0x08002b5a   0x08002b5a   0x00000002   Code   RO          461    i.HAL_TIM_Base_MspInit  stm32f1xx_hal_tim.o
    0x08002b5c   0x08002b5c   0x0000006c   Code   RO          464    i.HAL_TIM_Base_Start_IT  stm32f1xx_hal_tim.o
    0x08002bc8   0x08002bc8   0x00000002   Code   RO          493    i.HAL_TIM_IC_CaptureCallback  stm32f1xx_hal_tim.o
    0x08002bca   0x08002bca   0x00000130   Code   RO          507    i.HAL_TIM_IRQHandler  stm32f1xx_hal_tim.o
    0x08002cfa   0x08002cfa   0x00000002   PAD
    0x08002cfc   0x08002cfc   0x0000004c   Code   RO          331    i.HAL_TIM_MspPostInit  stm32f1xx_hal_msp.o
    0x08002d48   0x08002d48   0x00000002   Code   RO          510    i.HAL_TIM_OC_DelayElapsedCallback  stm32f1xx_hal_tim.o
    0x08002d4a   0x08002d4a   0x000000cc   Code   RO          531    i.HAL_TIM_PWM_ConfigChannel  stm32f1xx_hal_tim.o
    0x08002e16   0x08002e16   0x0000005a   Code   RO          534    i.HAL_TIM_PWM_Init  stm32f1xx_hal_tim.o
    0x08002e70   0x08002e70   0x00000028   Code   RO          333    i.HAL_TIM_PWM_MspInit  stm32f1xx_hal_msp.o
    0x08002e98   0x08002e98   0x00000002   Code   RO          537    i.HAL_TIM_PWM_PulseFinishedCallback  stm32f1xx_hal_tim.o
    0x08002e9a   0x08002e9a   0x00000002   PAD
    0x08002e9c   0x08002e9c   0x000000b4   Code   RO          539    i.HAL_TIM_PWM_Start  stm32f1xx_hal_tim.o
    0x08002f50   0x08002f50   0x00000014   Code   RO           14    i.HAL_TIM_PeriodElapsedCallback  main.o
    0x08002f64   0x08002f64   0x00000002   Code   RO          550    i.HAL_TIM_TriggerCallback  stm32f1xx_hal_tim.o
    0x08002f66   0x08002f66   0x00000002   PAD
    0x08002f68   0x08002f68   0x0000005c   Code   RO         3257    i.Hall_CalcSpeed    hall_sensor.o
    0x08002fc4   0x08002fc4   0x00000060   Code   RO         3258    i.Hall_EXTI_Callback  hall_sensor.o
    0x08003024   0x08003024   0x00000044   Code   RO         3259    i.Hall_GetAngle     hall_sensor.o
    0x08003068   0x08003068   0x00000018   Code   RO         3260    i.Hall_GetCount     hall_sensor.o
    0x08003080   0x08003080   0x00000018   Code   RO         3262    i.Hall_GetSpeed     hall_sensor.o
    0x08003098   0x08003098   0x00000024   Code   RO         3263    i.Hall_Init         hall_sensor.o
    0x080030bc   0x080030bc   0x0000001c   Code   RO         3264    i.Hall_ResetCount   hall_sensor.o
    0x080030d8   0x080030d8   0x00000002   Code   RO          224    i.HardFault_Handler  stm32f1xx_it.o
    0x080030da   0x080030da   0x00000002   PAD
    0x080030dc   0x080030dc   0x00000038   Code   RO         3704    i.IntToUnicode      usbd_desc.o
    0x08003114   0x08003114   0x0000008c   Code   RO           15    i.MX_ADC1_Init      main.o
    0x080031a0   0x080031a0   0x00000090   Code   RO           16    i.MX_ADC2_Init      main.o
    0x08003230   0x08003230   0x000000d8   Code   RO           17    i.MX_GPIO_Init      main.o
    0x08003308   0x08003308   0x000000d0   Code   RO           18    i.MX_TIM8_Init      main.o
    0x080033d8   0x080033d8   0x00000054   Code   RO         3673    i.MX_USB_DEVICE_Init  usb_device.o
    0x0800342c   0x0800342c   0x00000002   Code   RO          225    i.MemManage_Handler  stm32f1xx_it.o
    0x0800342e   0x0800342e   0x00000002   PAD
    0x08003430   0x08003430   0x0000000c   Code   RO         3393    i.MotorApp_GetLimitFlags  motor_app.o
    0x0800343c   0x0800343c   0x0000000c   Code   RO         3394    i.MotorApp_GetPitchPositionCount  motor_app.o
    0x08003448   0x08003448   0x0000000c   Code   RO         3396    i.MotorApp_GetPitchState  motor_app.o
    0x08003454   0x08003454   0x0000000c   Code   RO         3397    i.MotorApp_GetPitchTarget  motor_app.o
    0x08003460   0x08003460   0x0000001c   Code   RO         3398    i.MotorApp_GetScreenAngleDeg100  motor_app.o
    0x0800347c   0x0800347c   0x0000000c   Code   RO         3399    i.MotorApp_GetScreenOrientation  motor_app.o
    0x08003488   0x08003488   0x00000028   Code   RO         3400    i.MotorApp_Init     motor_app.o
    0x080034b0   0x080034b0   0x0000006c   Code   RO         3403    i.MotorApp_LimitSwitch_Callback  motor_app.o
    0x0800351c   0x0800351c   0x00000024   Code   RO         3404    i.MotorApp_PitchMoveTo  motor_app.o
    0x08003540   0x08003540   0x00000030   Code   RO         3406    i.MotorApp_ScreenDetect  motor_app.o
    0x08003570   0x08003570   0x00000058   Code   RO         3407    i.MotorApp_ScreenRotateTo  motor_app.o
    0x080035c8   0x080035c8   0x000000e0   Code   RO         3408    i.MotorApp_ScreenTask  motor_app.o
    0x080036a8   0x080036a8   0x0000001c   Code   RO         3409    i.MotorApp_StartHoming  motor_app.o
    0x080036c4   0x080036c4   0x000000ec   Code   RO         3410    i.MotorApp_Task     motor_app.o
    0x080037b0   0x080037b0   0x00000058   Code   RO         3337    i.Motor_Init        motor_driver.o
    0x08003808   0x08003808   0x00000050   Code   RO         3338    i.Motor_SetSpeed    motor_driver.o
    0x08003858   0x08003858   0x00000020   Code   RO         3339    i.Motor_Stop        motor_driver.o
    0x08003878   0x08003878   0x00000002   Code   RO          226    i.NMI_Handler       stm32f1xx_it.o
    0x0800387a   0x0800387a   0x000003a6   Code   RO         1466    i.PCD_EP_ISR_Handler  stm32f1xx_hal_pcd.o
    0x08003c20   0x08003c20   0x00000002   Code   RO          227    i.PendSV_Handler    stm32f1xx_it.o
    0x08003c22   0x08003c22   0x00000002   Code   RO          228    i.SVC_Handler       stm32f1xx_it.o
    0x08003c24   0x08003c24   0x00000038   Code   RO         3411    i.ScreenDetect_StartProbe  motor_app.o
    0x08003c5c   0x08003c5c   0x00000002   Code   RO          229    i.SysTick_Handler   stm32f1xx_it.o
    0x08003c5e   0x08003c5e   0x0000007e   Code   RO           19    i.SystemClock_Config  main.o
    0x08003cdc   0x08003cdc   0x00000002   Code   RO         3149    i.SystemInit        system_stm32f1xx.o
    0x08003cde   0x08003cde   0x00000002   PAD
    0x08003ce0   0x08003ce0   0x0000000c   Code   RO          230    i.TIM1_UP_IRQHandler  stm32f1xx_it.o
    0x08003cec   0x08003cec   0x0000009c   Code   RO          552    i.TIM_Base_SetConfig  stm32f1xx_hal_tim.o
    0x08003d88   0x08003d88   0x0000001a   Code   RO          553    i.TIM_CCxChannelCmd  stm32f1xx_hal_tim.o
    0x08003da2   0x08003da2   0x00000002   PAD
    0x08003da4   0x08003da4   0x00000060   Code   RO          565    i.TIM_OC1_SetConfig  stm32f1xx_hal_tim.o
    0x08003e04   0x08003e04   0x0000006c   Code   RO          566    i.TIM_OC2_SetConfig  stm32f1xx_hal_tim.o
    0x08003e70   0x08003e70   0x00000068   Code   RO          567    i.TIM_OC3_SetConfig  stm32f1xx_hal_tim.o
    0x08003ed8   0x08003ed8   0x00000050   Code   RO          568    i.TIM_OC4_SetConfig  stm32f1xx_hal_tim.o
    0x08003f28   0x08003f28   0x00000046   Code   RO         4304    i.USBD_CDC_DataIn   usbd_cdc.o
    0x08003f6e   0x08003f6e   0x0000002e   Code   RO         4305    i.USBD_CDC_DataOut  usbd_cdc.o
    0x08003f9c   0x08003f9c   0x00000044   Code   RO         4306    i.USBD_CDC_DeInit   usbd_cdc.o
    0x08003fe0   0x08003fe0   0x00000024   Code   RO         4307    i.USBD_CDC_EP0_RxReady  usbd_cdc.o
    0x08004004   0x08004004   0x0000000c   Code   RO         4308    i.USBD_CDC_GetDeviceQualifierDescriptor  usbd_cdc.o
    0x08004010   0x08004010   0x0000000c   Code   RO         4309    i.USBD_CDC_GetFSCfgDesc  usbd_cdc.o
    0x0800401c   0x0800401c   0x0000000c   Code   RO         4310    i.USBD_CDC_GetHSCfgDesc  usbd_cdc.o
    0x08004028   0x08004028   0x0000000c   Code   RO         4311    i.USBD_CDC_GetOtherSpeedCfgDesc  usbd_cdc.o
    0x08004034   0x08004034   0x00000094   Code   RO         4312    i.USBD_CDC_Init     usbd_cdc.o
    0x080040c8   0x080040c8   0x00000028   Code   RO         4313    i.USBD_CDC_ReceivePacket  usbd_cdc.o
    0x080040f0   0x080040f0   0x00000010   Code   RO         4314    i.USBD_CDC_RegisterInterface  usbd_cdc.o
    0x08004100   0x08004100   0x0000000c   Code   RO         4315    i.USBD_CDC_SetRxBuffer  usbd_cdc.o
    0x0800410c   0x0800410c   0x00000010   Code   RO         4316    i.USBD_CDC_SetTxBuffer  usbd_cdc.o
    0x0800411c   0x0800411c   0x000000ac   Code   RO         4317    i.USBD_CDC_Setup    usbd_cdc.o
    0x080041c8   0x080041c8   0x00000036   Code   RO         4318    i.USBD_CDC_TransmitPacket  usbd_cdc.o
    0x080041fe   0x080041fe   0x0000000e   Code   RO         4041    i.USBD_ClrClassConfig  usbd_core.o
    0x0800420c   0x0800420c   0x00000010   Code   RO         4244    i.USBD_CtlContinueRx  usbd_ioreq.o
    0x0800421c   0x0800421c   0x00000010   Code   RO         4245    i.USBD_CtlContinueSendData  usbd_ioreq.o
    0x0800422c   0x0800422c   0x00000016   Code   RO         4179    i.USBD_CtlError     usbd_ctlreq.o
    0x08004242   0x08004242   0x0000001e   Code   RO         4246    i.USBD_CtlPrepareRx  usbd_ioreq.o
    0x08004260   0x08004260   0x00000016   Code   RO         4247    i.USBD_CtlReceiveStatus  usbd_ioreq.o
    0x08004276   0x08004276   0x0000001a   Code   RO         4248    i.USBD_CtlSendData  usbd_ioreq.o
    0x08004290   0x08004290   0x00000016   Code   RO         4249    i.USBD_CtlSendStatus  usbd_ioreq.o
    0x080042a6   0x080042a6   0x00000002   PAD
    0x080042a8   0x080042a8   0x00000020   Code   RO         3705    i.USBD_FS_ConfigStrDescriptor  usbd_desc.o
    0x080042c8   0x080042c8   0x0000000c   Code   RO         3706    i.USBD_FS_DeviceDescriptor  usbd_desc.o
    0x080042d4   0x080042d4   0x00000024   Code   RO         3707    i.USBD_FS_InterfaceStrDescriptor  usbd_desc.o
    0x080042f8   0x080042f8   0x0000000c   Code   RO         3708    i.USBD_FS_LangIDStrDescriptor  usbd_desc.o
    0x08004304   0x08004304   0x00000028   Code   RO         3709    i.USBD_FS_ManufacturerStrDescriptor  usbd_desc.o
    0x0800432c   0x0800432c   0x0000002c   Code   RO         3710    i.USBD_FS_ProductStrDescriptor  usbd_desc.o
    0x08004358   0x08004358   0x00000038   Code   RO         3711    i.USBD_FS_SerialStrDescriptor  usbd_desc.o
    0x08004390   0x08004390   0x000000e8   Code   RO         4180    i.USBD_GetDescriptor  usbd_ctlreq.o
    0x08004478   0x08004478   0x00000048   Code   RO         4181    i.USBD_GetString    usbd_ctlreq.o
    0x080044c0   0x080044c0   0x00000018   Code   RO         3843    i.USBD_Get_USB_Status  usbd_conf.o
    0x080044d8   0x080044d8   0x0000002a   Code   RO         4043    i.USBD_Init         usbd_core.o
    0x08004502   0x08004502   0x00000012   Code   RO         3844    i.USBD_LL_ClearStallEP  usbd_conf.o
    0x08004514   0x08004514   0x00000012   Code   RO         3845    i.USBD_LL_CloseEP   usbd_conf.o
    0x08004526   0x08004526   0x000000c6   Code   RO         4044    i.USBD_LL_DataInStage  usbd_core.o
    0x080045ec   0x080045ec   0x00000082   Code   RO         4045    i.USBD_LL_DataOutStage  usbd_core.o
    0x0800466e   0x0800466e   0x00000008   Code   RO         3849    i.USBD_LL_GetRxDataSize  usbd_conf.o
    0x08004676   0x08004676   0x00000002   PAD
    0x08004678   0x08004678   0x00000080   Code   RO         3850    i.USBD_LL_Init      usbd_conf.o
    0x080046f8   0x080046f8   0x0000001e   Code   RO         3851    i.USBD_LL_IsStallEP  usbd_conf.o
    0x08004716   0x08004716   0x00000018   Code   RO         3852    i.USBD_LL_OpenEP    usbd_conf.o
    0x0800472e   0x0800472e   0x00000012   Code   RO         3853    i.USBD_LL_PrepareReceive  usbd_conf.o
    0x08004740   0x08004740   0x00000050   Code   RO         4050    i.USBD_LL_Reset     usbd_core.o
    0x08004790   0x08004790   0x00000014   Code   RO         4051    i.USBD_LL_Resume    usbd_core.o
    0x080047a4   0x080047a4   0x00000018   Code   RO         4052    i.USBD_LL_SOF       usbd_core.o
    0x080047bc   0x080047bc   0x00000006   Code   RO         4053    i.USBD_LL_SetSpeed  usbd_core.o
    0x080047c2   0x080047c2   0x00000012   Code   RO         3854    i.USBD_LL_SetUSBAddress  usbd_conf.o
    0x080047d4   0x080047d4   0x0000005a   Code   RO         4054    i.USBD_LL_SetupStage  usbd_core.o
    0x0800482e   0x0800482e   0x00000012   Code   RO         3855    i.USBD_LL_StallEP   usbd_conf.o
    0x08004840   0x08004840   0x00000012   Code   RO         3856    i.USBD_LL_Start     usbd_conf.o
    0x08004852   0x08004852   0x00000012   Code   RO         4055    i.USBD_LL_Suspend   usbd_core.o
    0x08004864   0x08004864   0x00000012   Code   RO         3858    i.USBD_LL_Transmit  usbd_conf.o
    0x08004876   0x08004876   0x00000028   Code   RO         4182    i.USBD_ParseSetupRequest  usbd_ctlreq.o
    0x0800489e   0x0800489e   0x00000010   Code   RO         4056    i.USBD_RegisterClass  usbd_core.o
    0x080048ae   0x080048ae   0x00000016   Code   RO         4058    i.USBD_SetClassConfig  usbd_core.o
    0x080048c4   0x080048c4   0x00000084   Code   RO         4183    i.USBD_SetConfig    usbd_ctlreq.o
    0x08004948   0x08004948   0x0000000a   Code   RO         4059    i.USBD_Start        usbd_core.o
    0x08004952   0x08004952   0x00000112   Code   RO         4184    i.USBD_StdDevReq    usbd_ctlreq.o
    0x08004a64   0x08004a64   0x00000150   Code   RO         4185    i.USBD_StdEPReq     usbd_ctlreq.o
    0x08004bb4   0x08004bb4   0x0000004e   Code   RO         4186    i.USBD_StdItfReq    usbd_ctlreq.o
    0x08004c02   0x08004c02   0x00000002   Code   RO         3859    i.USBD_static_free  usbd_conf.o
    0x08004c04   0x08004c04   0x00000008   Code   RO         3860    i.USBD_static_malloc  usbd_conf.o
    0x08004c0c   0x08004c0c   0x0000029c   Code   RO         1709    i.USB_ActivateEndpoint  stm32f1xx_ll_usb.o
    0x08004ea8   0x08004ea8   0x00000030   Code   RO         3596    i.USB_Cmd_Feed      usb_cmd.o
    0x08004ed8   0x08004ed8   0x00000050   Code   RO         3597    i.USB_Cmd_Poll      usb_cmd.o
    0x08004f28   0x08004f28   0x00000014   Code   RO         3598    i.USB_Cmd_SendStr   usb_cmd.o
    0x08004f3c   0x08004f3c   0x00000004   Code   RO         1712    i.USB_CoreInit      stm32f1xx_ll_usb.o
    0x08004f40   0x08004f40   0x0000010e   Code   RO         1714    i.USB_DeactivateEndpoint  stm32f1xx_ll_usb.o
    0x0800504e   0x0800504e   0x00000004   Code   RO         1715    i.USB_DevConnect    stm32f1xx_ll_usb.o
    0x08005052   0x08005052   0x00000004   Code   RO         1716    i.USB_DevDisconnect  stm32f1xx_ll_usb.o
    0x08005056   0x08005056   0x00000012   Code   RO         1717    i.USB_DevInit       stm32f1xx_ll_usb.o
    0x08005068   0x08005068   0x0000000e   Code   RO         1718    i.USB_DisableGlobalInt  stm32f1xx_ll_usb.o
    0x08005076   0x08005076   0x00000004   Code   RO         1719    i.USB_EP0_OutStart  stm32f1xx_ll_usb.o
    0x0800507a   0x0800507a   0x00000078   Code   RO         1720    i.USB_EPClearStall  stm32f1xx_ll_usb.o
    0x080050f2   0x080050f2   0x00000032   Code   RO         1721    i.USB_EPSetStall    stm32f1xx_ll_usb.o
    0x08005124   0x08005124   0x000004e2   Code   RO         1722    i.USB_EPStartXfer   stm32f1xx_ll_usb.o
    0x08005606   0x08005606   0x00000012   Code   RO         1724    i.USB_EnableGlobalInt  stm32f1xx_ll_usb.o
    0x08005618   0x08005618   0x0000000c   Code   RO          231    i.USB_LP_CAN1_RX0_IRQHandler  stm32f1xx_it.o
    0x08005624   0x08005624   0x00000006   Code   RO         1731    i.USB_ReadInterrupts  stm32f1xx_ll_usb.o
    0x0800562a   0x0800562a   0x00000002   PAD
    0x0800562c   0x0800562c   0x0000002c   Code   RO         1732    i.USB_ReadPMA       stm32f1xx_ll_usb.o
    0x08005658   0x08005658   0x00000004   Code   RO         1733    i.USB_SetCurrentMode  stm32f1xx_ll_usb.o
    0x0800565c   0x0800565c   0x0000000c   Code   RO         1734    i.USB_SetDevAddress  stm32f1xx_ll_usb.o
    0x08005668   0x08005668   0x00000026   Code   RO         1736    i.USB_WritePMA      stm32f1xx_ll_usb.o
    0x0800568e   0x0800568e   0x00000002   Code   RO          232    i.UsageFault_Handler  stm32f1xx_it.o
    0x08005690   0x08005690   0x00000020   Code   RO         2385    i.__NVIC_SetPriority  stm32f1xx_hal_cortex.o
    0x080056b0   0x080056b0   0x00000048   Code   RO         3192    i.adc_read_channel  current_sensor.o
    0x080056f8   0x080056f8   0x00000032   Code   RO         3193    i.adc_read_channel_avg  current_sensor.o
    0x0800572a   0x0800572a   0x00000014   Code   RO         3412    i.clamp_pitch_pos   motor_app.o
    0x0800573e   0x0800573e   0x00000002   PAD
    0x08005740   0x08005740   0x0000018c   Code   RO           20    i.main              main.o
    0x080058cc   0x080058cc   0x00000150   Code   RO         3599    i.process_line      usb_cmd.o
    0x08005a1c   0x08005a1c   0x00000038   Code   RO         3265    i.quad_decode       hall_sensor.o
    0x08005a54   0x08005a54   0x00000012   Data   RO         2083    .constdata          stm32f1xx_hal_rcc.o
    0x08005a66   0x08005a66   0x00000012   Data   RO         2175    .constdata          stm32f1xx_hal_rcc_ex.o
    0x08005a78   0x08005a78   0x00000010   Data   RO         3150    .constdata          system_stm32f1xx.o
    0x08005a88   0x08005a88   0x00000008   Data   RO         3151    .constdata          system_stm32f1xx.o
    0x08005a90   0x08005a90   0x00000010   Data   RO         3267    .constdata          hall_sensor.o
    0x08005aa0   0x08005aa0   0x00000006   Data   RO         3545    .constdata          eeprom_emul.o
    0x08005aa6   0x08005aa6   0x00000002   PAD
    0x08005aa8   0x08005aa8   0x00000020   Data   RO         4588    Region$$Table       anon$$obj.o


    Execution Region RW_IRAM1 (Exec base: 0x20000000, Load base: 0x08005ac8, Size: 0x00001c30, Max: 0x0000c000, ABSOLUTE, COMPRESSED[0x000000cc])

    Exec Addr    Load Addr    Size         Type   Attr      Idx    E Section Name        Object

    0x20000000   COMPRESSED   0x00000044   Data   RW           22    .data               main.o
    0x20000044   COMPRESSED   0x0000000c   Data   RW         1920    .data               stm32f1xx_hal.o
    0x20000050   COMPRESSED   0x00000004   Data   RW         3152    .data               system_stm32f1xx.o
    0x20000054   COMPRESSED   0x0000000a   Data   RW         3195    .data               current_sensor.o
    0x2000005e   COMPRESSED   0x00000002   Data   RW         3268    .data               hall_sensor.o
    0x20000060   COMPRESSED   0x00000034   Data   RW         3413    .data               motor_app.o
    0x20000094   COMPRESSED   0x00000006   Data   RW         3601    .data               usb_cmd.o
    0x2000009a   COMPRESSED   0x00000002   PAD
    0x2000009c   COMPRESSED   0x0000001c   Data   RW         3713    .data               usbd_desc.o
    0x200000b8   COMPRESSED   0x00000032   Data   RW         3714    .data               usbd_desc.o
    0x200000ea   COMPRESSED   0x00000002   PAD
    0x200000ec   COMPRESSED   0x00000010   Data   RW         3783    .data               usbd_cdc_if.o
    0x200000fc   COMPRESSED   0x00000001   Data   RW         4187    .data               usbd_ctlreq.o
    0x200000fd   COMPRESSED   0x00000003   PAD
    0x20000100   COMPRESSED   0x000000d7   Data   RW         4319    .data               usbd_cdc.o
    0x200001d7   COMPRESSED   0x00000001   PAD
    0x200001d8   COMPRESSED   0x00000038   Data   RW         4320    .data               usbd_cdc.o
    0x20000210        -       0x000000a8   Zero   RW           21    .bss                main.o
    0x200002b8        -       0x00000048   Zero   RW          385    .bss                stm32f1xx_hal_timebase_tim.o
    0x20000300        -       0x00000020   Zero   RW         2626    .bss                stm32f1xx_hal_flash.o
    0x20000320        -       0x00000010   Zero   RW         3194    .bss                current_sensor.o
    0x20000330        -       0x00000020   Zero   RW         3266    .bss                hall_sensor.o
    0x20000350        -       0x000000c0   Zero   RW         3600    .bss                usb_cmd.o
    0x20000410        -       0x000002c4   Zero   RW         3674    .bss                usb_device.o
    0x200006d4        -       0x00000200   Zero   RW         3712    .bss                usbd_desc.o
    0x200008d4        -       0x00000800   Zero   RW         3782    .bss                usbd_cdc_if.o
    0x200010d4        -       0x000004f8   Zero   RW         3861    .bss                usbd_conf.o
    0x200015cc        -       0x00000060   Zero   RW         4462    .bss                c_w.l(libspace.o)
    0x2000162c   COMPRESSED   0x00000004   PAD
    0x20001630        -       0x00000200   Zero   RW            2    HEAP                startup_stm32f103xe.o
    0x20001830        -       0x00000400   Zero   RW            1    STACK               startup_stm32f103xe.o


==============================================================================

Image component sizes


      Code (inc. data)   RO Data    RW Data    ZI Data      Debug   Object Name

       694         54          0         10         16       6676   current_sensor.o
       802         64          6          0          0       5931   eeprom_emul.o
       424         56         16          2         32       5956   hall_sensor.o
      1254         66          0         68        168     532693   main.o
       972         96          0         52          0      11153   motor_app.o
       200         24          0          0          0       1679   motor_driver.o
        64         26        304          0       1536        796   startup_stm32f103xe.o
        64         14          0         12          0       5158   stm32f1xx_hal.o
      1316         58          0          0          0       7147   stm32f1xx_hal_adc.o
       712         24          0          0          0       2600   stm32f1xx_hal_adc_ex.o
       158         14          0          0          0      28110   stm32f1xx_hal_cortex.o
       392         46          0          0         32       4610   stm32f1xx_hal_flash.o
       240         26          0          0          0       3189   stm32f1xx_hal_flash_ex.o
       564         48          0          0          0       4647   stm32f1xx_hal_gpio.o
       352         52          0          0          0       2840   stm32f1xx_hal_msp.o
      3044          0          0          0          0      14025   stm32f1xx_hal_pcd.o
        60          0          0          0          0       1142   stm32f1xx_hal_pcd_ex.o
      1272         82         18          0          0       5082   stm32f1xx_hal_rcc.o
       420         30         18          0          0       2473   stm32f1xx_hal_rcc_ex.o
      1556         98          0          0          0      12851   stm32f1xx_hal_tim.o
       212         20          0          0          0       3113   stm32f1xx_hal_tim_ex.o
       140         22          0          0         72       1379   stm32f1xx_hal_timebase_tim.o
       116         12          0          0          0       6065   stm32f1xx_it.o
      2528          0          0          0          0      15851   stm32f1xx_ll_usb.o
         2          0         24          4          0       1071   system_stm32f1xx.o
       484        120          0          6        192       5263   usb_cmd.o
        84         18          0          0        708        764   usb_device.o
       726         16          0        271          0      12762   usbd_cdc.o
       120         22          0         16       2048       3236   usbd_cdc_if.o
       554         30          0          0       1272      13837   usbd_conf.o
       670          0          0          0          0       9251   usbd_core.o
      1186         28          0          1          0       7780   usbd_ctlreq.o
       288        104          0         78        512       5777   usbd_desc.o
       132          0          0          0          0       4220   usbd_ioreq.o

    ----------------------------------------------------------------------
     21840       1270        420        528       6588     749127   Object Totals
         0          0         32          0          0          0   (incl. Generated)
        38          0          2          8          0          0   (incl. Padding)

    ----------------------------------------------------------------------

      Code (inc. data)   RO Data    RW Data    ZI Data      Debug   Library Member Name

        90          0          0          0          0          0   __dczerorl2.o
         8          0          0          0          0         68   __main.o
         0          0          0          0          0          0   __rtentry.o
        12          0          0          0          0          0   __rtentry2.o
         6          0          0          0          0          0   __rtentry4.o
        52          8          0          0          0          0   __scatter.o
        28          0          0          0          0          0   __scatter_zi.o
        18          0          0          0          0         80   exit.o
         6          0          0          0          0        152   heapauxi.o
         0          0          0          0          0          0   indicate_semi.o
         2          0          0          0          0          0   libinit.o
         2          0          0          0          0          0   libinit2.o
         2          0          0          0          0          0   libshutdown.o
         2          0          0          0          0          0   libshutdown2.o
         8          4          0          0         96         68   libspace.o
        72          0          0          0          0         76   llsdiv.o
       238          0          0          0          0        100   lludivv7m.o
        38          0          0          0          0         68   llushr.o
        78          0          0          0          0         80   rt_memclr_w.o
         2          0          0          0          0          0   rtexit.o
        10          0          0          0          0          0   rtexit2.o
        62          0          0          0          0         76   strlen.o
       150          0          0          0          0         80   strncmp.o
        12          4          0          0          0         68   sys_exit.o
        74          0          0          0          0         80   sys_stackheap_outer.o
         2          0          0          0          0         68   use_no_semi.o

    ----------------------------------------------------------------------
       980         16          0          0        100       1064   Library Totals
         6          0          0          0          4          0   (incl. Padding)

    ----------------------------------------------------------------------

      Code (inc. data)   RO Data    RW Data    ZI Data      Debug   Library Name

       974         16          0          0         96       1064   c_w.l

    ----------------------------------------------------------------------
       980         16          0          0        100       1064   Library Totals

    ----------------------------------------------------------------------

==============================================================================


      Code (inc. data)   RO Data    RW Data    ZI Data      Debug   

     22820       1286        420        528       6688     737395   Grand Totals
     22820       1286        420        204       6688     737395   ELF Image Totals (compressed)
     22820       1286        420        204          0          0   ROM Totals

==============================================================================

    Total RO  Size (Code + RO Data)                23240 (  22.70kB)
    Total RW  Size (RW Data + ZI Data)              7216 (   7.05kB)
    Total ROM Size (Code + RO Data + RW Data)      23444 (  22.89kB)

==============================================================================

